Component: Arm Compiler for Embedded 6.24 Tool: armlink [5f371500]

==============================================================================

Section Cross References

    lab4e_main.o(.text.main) refers to startup.o(.text) for DisableInterrupts
    lab4e_main.o(.text.main) refers to pll.o(.text.PLL_Init) for PLL_Init
    lab4e_main.o(.text.main) refers to unified_port_init.o(.text.Port_E_Init) for Port_E_Init
    lab4e_main.o(.text.main) refers to uart.o(.text.UART_Init) for UART_Init
    lab4e_main.o(.text.main) refers to uart5.o(.text.UART5_Init) for UART5_Init
    lab4e_main.o(.text.main) refers to switchinterface_lab3.o(.text.Switch_Init) for Switch_Init
    lab4e_main.o(.text.main) refers to speakerinterface_lab3.o(.text.Speaker_Init) for Speaker_Init
    lab4e_main.o(.text.main) refers to st7735.o(.text.ST7735_InitR) for ST7735_InitR
    lab4e_main.o(.text.main) refers to st7735.o(.text.ST7735_SetRotation) for ST7735_SetRotation
    lab4e_main.o(.text.main) refers to managetime_lab3.o(.text.ManageTime_Init) for ManageTime_Init
    lab4e_main.o(.text.main) refers to alarm_lab3.o(.text.Alarm_Init) for Alarm_Init
    lab4e_main.o(.text.main) refers to adc_lab3.o(.text.ADC_Init) for ADC_Init
    lab4e_main.o(.text.main) refers to esp8266_base.o(.text.Reset_8266) for Reset_8266
    lab4e_main.o(.text.main) refers to esp8266_base.o(.text.SetupWiFi) for SetupWiFi
    lab4e_main.o(.text.main) refers to mqtt.o(.text.MQTT_to_TM4C) for MQTT_to_TM4C
    lab4e_main.o(.text.main) refers to timer2a.o(.text.Timer2A_Init) for Timer2A_Init
    lab4e_main.o(.text.main) refers to mqtt.o(.text.TM4C_to_MQTT) for TM4C_to_MQTT
    lab4e_main.o(.text.main) refers to timer5a.o(.text.Timer5A_Init) for Timer5A_Init
    lab4e_main.o(.text.main) refers to globals_lab3.o(.bss.currentState) for currentState
    lab4e_main.o(.text.main) refers to updatedisplay_lab3.o(.text.DrawMainMenu) for DrawMainMenu
    lab4e_main.o(.text.main) refers to globals_lab3.o(.bss.PB4_Pressed) for PB4_Pressed
    lab4e_main.o(.text.main) refers to switchinterface_lab3.o(.text.Clock_Delay1ms) for Clock_Delay1ms
    lab4e_main.o(.text.main) refers to switchinterface_lab3.o(.text.PB4_Switch_In) for PB4_Switch_In
    lab4e_main.o(.text.main) refers to globals_lab3.o(.bss.PC5_Pressed) for PC5_Pressed
    lab4e_main.o(.text.main) refers to switchinterface_lab3.o(.text.PC5_Switch_In) for PC5_Switch_In
    lab4e_main.o(.text.main) refers to globals_lab3.o(.bss.PE3_Pressed) for PE3_Pressed
    lab4e_main.o(.text.main) refers to switchinterface_lab3.o(.text.PE3_Switch_In) for PE3_Switch_In
    lab4e_main.o(.text.main) refers to globals_lab3.o(.bss.PB3_Pressed) for PB3_Pressed
    lab4e_main.o(.text.main) refers to switchinterface_lab3.o(.text.PB3_Switch_In) for PB3_Switch_In
    lab4e_main.o(.text.main) refers to globals_lab3.o(.bss.PB1_Pressed) for PB1_Pressed
    lab4e_main.o(.text.main) refers to switchinterface_lab3.o(.text.PB1_Switch_In) for PB1_Switch_In
    lab4e_main.o(.text.main) refers to globals_lab3.o(.bss.inactivityCounter) for inactivityCounter
    lab4e_main.o(.text.main) refers to updatedisplay_lab3.o(.text.UpdateDisplay) for UpdateDisplay
    lab4e_main.o(.text.main) refers to globals_lab3.o(.bss.isGuyDancing) for isGuyDancing
    lab4e_main.o(.text.main) refers to globals_lab3.o(.bss.pos) for pos
    lab4e_main.o(.text.main) refers to globals_lab3.o(.bss.AlarmPlaying) for AlarmPlaying
    lab4e_main.o(.text.main) refers to alarm_lab3.o(.text.Alarm_Stop) for Alarm_Stop
    lab4e_main.o(.text.main) refers to updatedisplay_lab3.o(.text.toggleDarkMode) for toggleDarkMode
    lab4e_main.o(.text.main) refers to updatedisplay_lab3.o(.text.DrawDanceMeme) for DrawDanceMeme
    lab4e_main.o(.text.main) refers to globals_lab3.o(.text.toggle24HourMode) for toggle24HourMode
    lab4e_main.o(.text.main) refers to globals_lab3.o(.bss.needToSetClock) for needToSetClock
    lab4e_main.o(.text.main) refers to alarm_lab3.o(.text.Alarm_Reset) for Alarm_Reset
    lab4e_main.o(.text.main) refers to globals_lab3.o(.bss.needToSetAlarm) for needToSetAlarm
    lab4e_main.o(.text.main) refers to updatedisplay_lab3.o(.text.Alarm_Or_Time_IncrementDigit) for Alarm_Or_Time_IncrementDigit
    lab4e_main.o(.text.main) refers to updatedisplay_lab3.o(.text.TimeMenu_ToggleAM_PM) for TimeMenu_ToggleAM_PM
    lab4e_main.o(.text.main) refers to updatedisplay_lab3.o(.text.TimeMenu_MoveArrowLeft) for TimeMenu_MoveArrowLeft
    lab4e_main.o(.text.main) refers to fsm_lab3.o(.rodata.FSM) for FSM
    lab4e_main.o(.text.main) refers to adc_lab3.o(.bss.Num) for Num
    lab4e_main.o(.text.main) refers to adc_lab3.o(.text.CalculateSignal) for CalculateSignal
    lab4e_main.o(.text.main) refers to adc_lab3.o(.bss.Signal) for Signal
    lab4e_main.o(.text.main) refers to adc_lab3.o(.text.IR_Convert) for IR_Convert
    lab4e_main.o(.text.main) refers to adc_lab3.o(.data.Distance) for Distance
[...]
    .ARM.Collect$$$$00000004                 0x00000298   Section        4  entry5.o(.ARM.Collect$$$$00000004)
    .ARM.Collect$$$$00000008                 0x0000029c   Section        0  entry7b.o(.ARM.Collect$$$$00000008)
    .ARM.Collect$$$$0000000A                 0x0000029c   Section        0  entry8b.o(.ARM.Collect$$$$0000000A)
    .ARM.Collect$$$$0000000B                 0x0000029c   Section        8  entry9a.o(.ARM.Collect$$$$0000000B)
    __lit__00000000                          0x000002a4   Data           4  entry2.o(.ARM.Collect$$$$00002712)
    .ARM.Collect$$$$0000000D                 0x000002a4   Section        0  entry10a.o(.ARM.Collect$$$$0000000D)
    .ARM.Collect$$$$0000000F                 0x000002a4   Section        0  entry11a.o(.ARM.Collect$$$$0000000F)
    .ARM.Collect$$$$00002712                 0x000002a4   Section        4  entry2.o(.ARM.Collect$$$$00002712)
    $v0                                      0x000002a8   Number         0  startup.o(.text)
    .text                                    0x000002a8   Section       52  startup.o(.text)
    .text                                    0x000002dc   Section        0  memmovea.o(.text)
    .text                                    0x0000031c   Section        0  strlen.o(.text)
    .text                                    0x0000032a   Section        0  strcmp.o(.text)
    .text                                    0x00000346   Section        0  strcpy.o(.text)
    .text                                    0x00000358   Section        0  strtok.o(.text)
    .text                                    0x0000039c   Section        0  uidiv.o(.text)
    .text                                    0x000003c8   Section        0  uldiv.o(.text)
    .text                                    0x0000042a   Section        0  iusefp.o(.text)
    .text                                    0x0000042a   Section        0  dadd.o(.text)
    .text                                    0x00000578   Section        0  dmul.o(.text)
    .text                                    0x0000065c   Section        0  ddiv.o(.text)
    .text                                    0x0000073a   Section        0  dfixul.o(.text)
    .text                                    0x0000076c   Section       48  cdrcmple.o(.text)
    .text                                    0x0000079c   Section       48  init.o(.text)
    .text                                    0x000007cc   Section        0  llshl.o(.text)
    .text                                    0x000007ea   Section        0  llushr.o(.text)
    .text                                    0x0000080a   Section        0  llsshr.o(.text)
    .text                                    0x0000082e   Section        0  depilogue.o(.text)
    [Anonymous Symbol]                       0x000008e8   Section        0  adc_lab3.o(.text.ADC_In)
    [Anonymous Symbol]                       0x00000930   Section        0  adc_lab3.o(.text.ADC_Init)
    [Anonymous Symbol]                       0x00000a38   Section        0  updatedisplay_lab3.o(.text.AlarmMenu_MoveCursor)
    [Anonymous Symbol]                       0x00000a98   Section        0  alarm_lab3.o(.text.Alarm_Check)
    [Anonymous Symbol]                       0x00000b9c   Section        0  alarm_lab3.o(.text.Alarm_Disable)
    [Anonymous Symbol]                       0x00000bac   Section        0  alarm_lab3.o(.text.Alarm_Enable)
    [Anonymous Symbol]                       0x00000bbc   Section        0  alarm_lab3.o(.text.Alarm_Init)
    [Anonymous Symbol]                       0x00000bc8   Section        0  updatedisplay_lab3.o(.text.Alarm_Or_Time_IncrementDigit)
    [Anonymous Symbol]                       0x00000f80   Section        0  alarm_lab3.o(.text.Alarm_Reset)
    [Anonymous Symbol]                       0x00000fb0   Section        0  alarm_lab3.o(.text.Alarm_Set)
    [Anonymous Symbol]                       0x00001174   Section        0  alarm_lab3.o(.text.Alarm_Stop)
    [Anonymous Symbol]                       0x00001194   Section        0  adc_lab3.o(.text.CalculateSignal)
    [Anonymous Symbol]                       0x000011dc   Section        0  switchinterface_lab3.o(.text.Clock_Delay)
    [Anonymous Symbol]                       0x000011f4   Section        0  switchinterface_lab3.o(.text.Clock_Delay1ms)
    [Anonymous Symbol]                       0x00001218   Section        0  managetime_lab3.o(.text.DecrementHours)
    [Anonymous Symbol]                       0x0000126c   Section        0  managetime_lab3.o(.text.DecrementMinutes)
    [Anonymous Symbol]                       0x00001290   Section        0  st7735.o(.text.Delay1ms)
    [Anonymous Symbol]                       0x000012c0   Section        0  esp8266_base.o(.text.DelayWait1ms)
    [Anonymous Symbol]                       0x000012f0   Section        0  updatedisplay_lab3.o(.text.DrawAlarmMenu)
    [Anonymous Symbol]                       0x000013bc   Section        0  updatedisplay_lab3.o(.text.DrawAnalogClockHands)
    [Anonymous Symbol]                       0x000014c4   Section        0  updatedisplay_lab3.o(.text.DrawDanceMeme)
    [Anonymous Symbol]                       0x00001534   Section        0  updatedisplay_lab3.o(.text.DrawMainMenu)
    [Anonymous Symbol]                       0x000015d0   Section        0  updatedisplay_lab3.o(.text.DrawTimeMenu)
    [Anonymous Symbol]                       0x00001784   Section        0  lab4e_main.o(.text.GPIOPortB_Handler)
    [Anonymous Symbol]                       0x0000180c   Section        0  lab4e_main.o(.text.GPIOPortC_Handler)
    [Anonymous Symbol]                       0x0000183c   Section        0  lab4e_main.o(.text.GPIOPortE_Handler)
    [Anonymous Symbol]                       0x0000186c   Section        0  adc_lab3.o(.text.IR_Convert)
    [Anonymous Symbol]                       0x0000189c   Section        0  managetime_lab3.o(.text.IncrementHours)
    [Anonymous Symbol]                       0x000018f0   Section        0  managetime_lab3.o(.text.IncrementMinutes)
    [Anonymous Symbol]                       0x00001914   Section        0  mqtt.o(.text.MQTT_to_TM4C)
    [Anonymous Symbol]                       0x000019f4   Section        0  updatedisplay_lab3.o(.text.MainMenu_MoveCursor)
    [Anonymous Symbol]                       0x00001a54   Section        0  updatedisplay_lab3.o(.text.MainMenu_UpdateTime)
    [Anonymous Symbol]                       0x00001aa0   Section        0  managetime_lab3.o(.text.ManageTime_Init)
    [Anonymous Symbol]                       0x00001af4   Section        0  switchinterface_lab3.o(.text.PB1_Switch_In)
    [Anonymous Symbol]                       0x00001b04   Section        0  switchinterface_lab3.o(.text.PB3_Switch_In)
    [Anonymous Symbol]                       0x00001b14   Section        0  switchinterface_lab3.o(.text.PB4_Switch_In)
    [Anonymous Symbol]                       0x00001b24   Section        0  switchinterface_lab3.o(.text.PC5_Switch_In)
    [Anonymous Symbol]                       0x00001b34   Section        0  switchinterface_lab3.o(.text.PE3_Switch_In)
    [Anonymous Symbol]                       0x00001b44   Section        0  pll.o(.text.PLL_Init)
    [Anonymous Symbol]                       0x00001bd0   Section        0  mqtt.o(.text.Parser)
    [Anonymous Symbol]                       0x00001d58   Section        0  unified_port_init.o(.text.Port_E_Init)
    [Anonymous Symbol]                       0x00001e34   Section        0  adc_lab3.o(.text.RealTimeTask)
    [Anonymous Symbol]                       0x00001e74   Section        0  esp8266_base.o(.text.Reset_8266)
    [Anonymous Symbol]                       0x00001ea0   Section        0  st7735.o(.text.ST7735_Color565)
    [Anonymous Symbol]                       0x00001ed0   Section        0  st7735.o(.text.ST7735_DrawBitmap)
    [Anonymous Symbol]                       0x00002124   Section        0  st7735.o(.text.ST7735_DrawCharS)
    [Anonymous Symbol]                       0x000022dc   Section        0  st7735.o(.text.ST7735_DrawLine)
    [Anonymous Symbol]                       0x00002468   Section        0  st7735.o(.text.ST7735_DrawPixel)
    [Anonymous Symbol]                       0x000024dc   Section        0  st7735.o(.text.ST7735_DrawString)
    [Anonymous Symbol]                       0x00002578   Section        0  st7735.o(.text.ST7735_FillRect)
    [Anonymous Symbol]                       0x000026bc   Section        0  st7735.o(.text.ST7735_FillScreen)
    [Anonymous Symbol]                       0x000026f0   Section        0  st7735.o(.text.ST7735_InitR)
    [Anonymous Symbol]                       0x00002798   Section        0  st7735.o(.text.ST7735_InvertDisplay)
    [Anonymous Symbol]                       0x000027bc   Section        0  st7735.o(.text.ST7735_SetCursor)
    [Anonymous Symbol]                       0x000027f4   Section        0  st7735.o(.text.ST7735_SetRotation)
    [Anonymous Symbol]                       0x0000291c   Section        0  esp8266_base.o(.text.SetupWiFi)
    [Anonymous Symbol]                       0x00002b54   Section        0  speakerinterface_lab3.o(.text.Speaker_Init)
    [Anonymous Symbol]                       0x00002ba0   Section        0  speakerinterface_lab3.o(.text.Speaker_Off)
    [Anonymous Symbol]                       0x00002bc8   Section        0  speakerinterface_lab3.o(.text.Speaker_On)
    [Anonymous Symbol]                       0x00002c10   Section        0  switchinterface_lab3.o(.text.Switch_Init)
    [Anonymous Symbol]                       0x00002cb0   Section        0  switchinterface_lab3.o(.text.Switch_Interrupt_Init)
    [Anonymous Symbol]                       0x00002e64   Section        0  speakerinterface_lab3.o(.text.SysTick_Handler)
    [Anonymous Symbol]                       0x00002ec0   Section        0  mqtt.o(.text.TM4C_to_MQTT)
    [Anonymous Symbol]                       0x00002f34   Section        0  updatedisplay_lab3.o(.text.TimeMenu_MoveArrowLeft)
    [Anonymous Symbol]                       0x00002fac   Section        0  updatedisplay_lab3.o(.text.TimeMenu_MoveCursor)
    [Anonymous Symbol]                       0x0000300c   Section        0  updatedisplay_lab3.o(.text.TimeMenu_ToggleAM_PM)
    [Anonymous Symbol]                       0x000030bc   Section        0  managetime_lab3.o(.text.Time_ISR_1Hz)
    [Anonymous Symbol]                       0x000031c8   Section        0  managetime_lab3.o(.text.Time_Set)
    [Anonymous Symbol]                       0x000032d4   Section        0  timer0a.o(.text.Timer0A_Handler)
    [Anonymous Symbol]                       0x000032f0   Section        0  adc_lab3.o(.text.Timer1_Init)
    [Anonymous Symbol]                       0x00003348   Section        0  timer2a.o(.text.Timer2A_Handler)
    [Anonymous Symbol]                       0x00003364   Section        0  timer2a.o(.text.Timer2A_Init)
    [Anonymous Symbol]                       0x00003404   Section        0  timer3a.o(.text.Timer3A_Handler)
    [Anonymous Symbol]                       0x00003420   Section        0  timer3a.o(.text.Timer3A_Init)
    [Anonymous Symbol]                       0x000034c0   Section        0  timer4a.o(.text.Timer4A_Handler)
    [Anonymous Symbol]                       0x000034dc   Section        0  timer4a.o(.text.Timer4A_Init)
    [Anonymous Symbol]                       0x0000357c   Section        0  timer5a.o(.text.Timer5A_Handler)
    [Anonymous Symbol]                       0x00003598   Section        0  timer5a.o(.text.Timer5A_Init)
    [Anonymous Symbol]                       0x00003638   Section        0  uart5.o(.text.UART5_Init)
    [Anonymous Symbol]                       0x0000372c   Section        0  uart5.o(.text.UART5_OutChar)
    [Anonymous Symbol]                       0x0000375c   Section        0  uart5.o(.text.UART5_OutString)
    [Anonymous Symbol]                       0x00003780   Section        0  uart.o(.text.UART_Init)
    [Anonymous Symbol]                       0x00003820   Section        0  uart.o(.text.UART_OutChar)
    [Anonymous Symbol]                       0x00003850   Section        0  uart.o(.text.UART_OutString)
    [Anonymous Symbol]                       0x00003874   Section        0  managetime_lab3.o(.text.UpdateAM_or_PM)
    [Anonymous Symbol]                       0x00003888   Section        0  updatedisplay_lab3.o(.text.UpdateDisplay)
    [Anonymous Symbol]                       0x00003a98   Section        0  managetime_lab3.o(.text.Update_Time)
    commandList                              0x00003ae5   Thumb Code   170  st7735.o(.text.commandList)
    [Anonymous Symbol]                       0x00003ae4   Section        0  st7735.o(.text.commandList)
    commonInit                               0x00003b91   Thumb Code   418  st7735.o(.text.commonInit)
    [Anonymous Symbol]                       0x00003b90   Section        0  st7735.o(.text.commonInit)
    deselect                                 0x00003d35   Thumb Code    36  st7735.o(.text.deselect)
    [Anonymous Symbol]                       0x00003d34   Section        0  st7735.o(.text.deselect)
    [Anonymous Symbol]                       0x00003d58   Section        0  updatedisplay_lab3.o(.text.drawHand)
    [Anonymous Symbol]                       0x00003e04   Section        0  alarm_lab3.o(.text.getAlarmTimeString)
    [Anonymous Symbol]                       0x00003eb4   Section        0  speakerinterface_lab3.o(.text.getIsSpeakerOn)
    [Anonymous Symbol]                       0x00003ec0   Section        0  managetime_lab3.o(.text.getTimeString)
    [Anonymous Symbol]                       0x00003f68   Section        0  lab4e_main.o(.text.main)
    pushColor                                0x000043c1   Thumb Code    28  st7735.o(.text.pushColor)
    [Anonymous Symbol]                       0x000043c0   Section        0  st7735.o(.text.pushColor)
    setAddrWindow                            0x000043dd   Thumb Code   148  st7735.o(.text.setAddrWindow)
    [Anonymous Symbol]                       0x000043dc   Section        0  st7735.o(.text.setAddrWindow)
    [Anonymous Symbol]                       0x00004470   Section        0  globals_lab3.o(.text.toggle24HourMode)
    [Anonymous Symbol]                       0x00004660   Section        0  updatedisplay_lab3.o(.text.toggleDarkMode)
    writecommand                             0x00004685   Thumb Code    90  st7735.o(.text.writecommand)
    [Anonymous Symbol]                       0x00004684   Section        0  st7735.o(.text.writecommand)
    writedata                                0x000046e1   Thumb Code    58  st7735.o(.text.writedata)
    [Anonymous Symbol]                       0x000046e0   Section        0  st7735.o(.text.writedata)
    i.__0snprintf                            0x0000471c   Section        0  printfa.o(i.__0snprintf)
    i.__0sprintf                             0x00004750   Section        0  printfa.o(i.__0sprintf)
    i.__scatterload_copy                     0x00004778   Section       14  handlers.o(i.__scatterload_copy)
    i.__scatterload_null                     0x00004786   Section        2  handlers.o(i.__scatterload_null)
    i.__scatterload_zeroinit                 0x00004788   Section       14  handlers.o(i.__scatterload_zeroinit)
    _fp_digits                               0x00004799   Thumb Code   366  printfa.o(i._fp_digits)
    i._fp_digits                             0x00004798   Section        0  printfa.o(i._fp_digits)
    _printf_core                             0x0000491d   Thumb Code  1744  printfa.o(i._printf_core)
    i._printf_core                           0x0000491c   Section        0  printfa.o(i._printf_core)
    _printf_post_padding                     0x00004ff9   Thumb Code    36  printfa.o(i._printf_post_padding)
    i._printf_post_padding                   0x00004ff8   Section        0  printfa.o(i._printf_post_padding)
    _printf_pre_padding                      0x0000501d   Thumb Code    46  printfa.o(i._printf_pre_padding)
    i._printf_pre_padding                    0x0000501c   Section        0  printfa.o(i._printf_pre_padding)
    _snputc                                  0x0000504b   Thumb Code    22  printfa.o(i._snputc)
    i._snputc                                0x0000504a   Section        0  printfa.o(i._snputc)
    _sputc                                   0x00005061   Thumb Code    10  printfa.o(i._sputc)
    i._sputc                                 0x00005060   Section        0  printfa.o(i._sputc)
    Font                                     0x00005082   Data        1275  st7735.o(.rodata.Font)
    [Anonymous Symbol]                       0x00005082   Section        0  st7735.o(.rodata.Font)
    Rcmd1                                    0x0000557d   Data          59  st7735.o(.rodata.Rcmd1)
    [Anonymous Symbol]                       0x0000557d   Section        0  st7735.o(.rodata.Rcmd1)
    Rcmd2green                               0x000055b8   Data          13  st7735.o(.rodata.Rcmd2green)
    [Anonymous Symbol]                       0x000055b8   Section        0  st7735.o(.rodata.Rcmd2green)
    Rcmd2red                                 0x000055c5   Data          13  st7735.o(.rodata.Rcmd2red)
    [Anonymous Symbol]                       0x000055c5   Section        0  st7735.o(.rodata.Rcmd2red)
    Rcmd3                                    0x000055d2   Data          43  st7735.o(.rodata.Rcmd3)
    [Anonymous Symbol]                       0x000055d2   Section        0  st7735.o(.rodata.Rcmd3)
    .L.str.13                                0x000137ee   Data          16  mqtt.o(.rodata.str1.1)
    [Anonymous Symbol]                       0x000137ee   Section        0  mqtt.o(.rodata.str1.1)
    .L.str.11                                0x000137fe   Data          10  mqtt.o(.rodata.str1.1)
    .L.str.7                                 0x00013808   Data           9  mqtt.o(.rodata.str1.1)
    .L.str.5                                 0x00013811   Data           7  mqtt.o(.rodata.str1.1)
    .L.str                                   0x00013818   Data           2  mqtt.o(.rodata.str1.1)
    .L.str.6                                 0x0001381a   Data           9  mqtt.o(.rodata.str1.1)
    .L.str.4                                 0x00013823   Data           7  mqtt.o(.rodata.str1.1)
    .L.str.1                                 0x0001382a   Data           6  mqtt.o(.rodata.str1.1)
    .L.str.10                                0x00013830   Data          11  mqtt.o(.rodata.str1.1)
    .L.str.3                                 0x0001383b   Data           6  mqtt.o(.rodata.str1.1)
    .L.str.9                                 0x00013841   Data           8  mqtt.o(.rodata.str1.1)
    .L.str.2                                 0x00013849   Data          16  mqtt.o(.rodata.str1.1)
    .L.str.8                                 0x00013859   Data           9  mqtt.o(.rodata.str1.1)
    .L.str.1                                 0x00013862   Data          32  esp8266_base.o(.rodata.str1.1)
    [Anonymous Symbol]                       0x00013862   Section        0  esp8266_base.o(.rodata.str1.1)
    .L.str.6                                 0x00013882   Data          29  esp8266_base.o(.rodata.str1.1)
    .L.str                                   0x0001389f   Data          26  esp8266_base.o(.rodata.str1.1)
    .L.str.12                                0x000138b6   Data           3  esp8266_base.o(.rodata.str1.1)
    .L.str.3                                 0x000138b9   Data          22  esp8266_base.o(.rodata.str1.1)
    .L.str.4                                 0x000138cf   Data           2  esp8266_base.o(.rodata.str1.1)
    .L.str.2                                 0x000138d1   Data          22  esp8266_base.o(.rodata.str1.1)
    .L.str.5                                 0x000138e7   Data          19  esp8266_base.o(.rodata.str1.1)
    .L.str.1                                 0x000138fa   Data           3  alarm_lab3.o(.rodata.str1.1)
    .L.str.1                                 0x000138fa   Data           3  alarm_lab3.o(.rodata.str1.1)
    [Anonymous Symbol]                       0x000138fa   Section        0  alarm_lab3.o(.rodata.str1.1)
    .L.str.2                                 0x000138fd   Data           3  alarm_lab3.o(.rodata.str1.1)
    .L.str.2                                 0x000138fd   Data           3  alarm_lab3.o(.rodata.str1.1)
    .L.str.3                                 0x00013900   Data           3  alarm_lab3.o(.rodata.str1.1)
    .L.str.3                                 0x00013900   Data           3  alarm_lab3.o(.rodata.str1.1)
    .L.str                                   0x00013903   Data          13  alarm_lab3.o(.rodata.str1.1)
    .L.str                                   0x00013903   Data          13  alarm_lab3.o(.rodata.str1.1)
    .L.str.4                                 0x00013910   Data           9  updatedisplay_lab3.o(.rodata.str1.1)
    [Anonymous Symbol]                       0x00013910   Section        0  updatedisplay_lab3.o(.rodata.str1.1)
    .L.str                                   0x00013919   Data           4  updatedisplay_lab3.o(.rodata.str1.1)
    .L.str.9                                 0x0001391d   Data           3  updatedisplay_lab3.o(.rodata.str1.1)
    .L.str.7                                 0x00013920   Data           2  updatedisplay_lab3.o(.rodata.str1.1)
    .L.str.2                                 0x00013922   Data           9  updatedisplay_lab3.o(.rodata.str1.1)
    .L.str.8                                 0x0001392b   Data          16  updatedisplay_lab3.o(.rodata.str1.1)
    .L.str.6                                 0x0001393b   Data          13  updatedisplay_lab3.o(.rodata.str1.1)
    .L.str.5                                 0x00013948   Data          13  updatedisplay_lab3.o(.rodata.str1.1)
    .L.str.1                                 0x00013955   Data          10  updatedisplay_lab3.o(.rodata.str1.1)
    .L.str.3                                 0x0001395f   Data          14  updatedisplay_lab3.o(.rodata.str1.1)
    state                                    0x20000000   Data           4  strtok.o(.data)
    .data                                    0x20000000   Section        4  strtok.o(.data)
    _height                                  0x2000000e   Data           2  st7735.o(.data._height)
    [Anonymous Symbol]                       0x2000000e   Section        0  st7735.o(.data._height)
    _width                                   0x20000010   Data           2  st7735.o(.data._width)
    [Anonymous Symbol]                       0x20000010   Section        0  st7735.o(.data._width)
    alarmMenuCursorY                         0x20000012   Data           1  updatedisplay_lab3.o(.data.alarmMenuCursorY)
    [Anonymous Symbol]                       0x20000012   Section        0  updatedisplay_lab3.o(.data.alarmMenuCursorY)
    alarmMenu_alarmDisplayed                 0x20000014   Data           4  updatedisplay_lab3.o(.data.alarmMenu_alarmDisplayed)
    [Anonymous Symbol]                       0x20000014   Section        0  updatedisplay_lab3.o(.data.alarmMenu_alarmDisplayed)
    mainMenuCursorY                          0x20000039   Data           1  updatedisplay_lab3.o(.data.mainMenuCursorY)
    [Anonymous Symbol]                       0x20000039   Section        0  updatedisplay_lab3.o(.data.mainMenuCursorY)
    mainMenu_timeDisplayed                   0x2000003c   Data           4  updatedisplay_lab3.o(.data.mainMenu_timeDisplayed)
    [Anonymous Symbol]                       0x2000003c   Section        0  updatedisplay_lab3.o(.data.mainMenu_timeDisplayed)
    timeMenuCursorY                          0x200000a8   Data           1  updatedisplay_lab3.o(.data.timeMenuCursorY)
    [Anonymous Symbol]                       0x200000a8   Section        0  updatedisplay_lab3.o(.data.timeMenuCursorY)
    timeMenuUpArrowX                         0x200000a9   Data           1  updatedisplay_lab3.o(.data.timeMenuUpArrowX)
    [Anonymous Symbol]                       0x200000a9   Section        0  updatedisplay_lab3.o(.data.timeMenuUpArrowX)
    timeMenu_timeDisplayed                   0x200000ac   Data           4  updatedisplay_lab3.o(.data.timeMenu_timeDisplayed)
    [Anonymous Symbol]                       0x200000ac   Section        0  updatedisplay_lab3.o(.data.timeMenu_timeDisplayed)
    ColStart                                 0x200000b4   Data           1  st7735.o(.bss.ColStart)
    [Anonymous Symbol]                       0x200000b4   Section        0  st7735.o(.bss.ColStart)
    Rotation                                 0x2000107c   Data           1  st7735.o(.bss.Rotation)
    [Anonymous Symbol]                       0x2000107c   Section        0  st7735.o(.bss.Rotation)
    RowStart                                 0x2000107d   Data           1  st7735.o(.bss.RowStart)
    [Anonymous Symbol]                       0x2000107d   Section        0  st7735.o(.bss.RowStart)
    TabColor                                 0x2000108c   Data           1  st7735.o(.bss.TabColor)
    [Anonymous Symbol]                       0x2000108c   Section        0  st7735.o(.bss.TabColor)
    alarmMenu_buffer                         0x20001090   Data          16  updatedisplay_lab3.o(.bss.alarmMenu_buffer)
    [Anonymous Symbol]                       0x20001090   Section        0  updatedisplay_lab3.o(.bss.alarmMenu_buffer)
    bufpos                                   0x200010a0   Data           4  mqtt.o(.bss.bufpos)
    [Anonymous Symbol]                       0x200010a0   Section        0  mqtt.o(.bss.bufpos)
    currentMenu                              0x200010a4   Data           1  updatedisplay_lab3.o(.bss.currentMenu)
    [Anonymous Symbol]                       0x200010a4   Section        0  updatedisplay_lab3.o(.bss.currentMenu)
    getAlarmTimeString.buf                   0x200010a6   Data           9  alarm_lab3.o(.bss.getAlarmTimeString.buf)
    [Anonymous Symbol]                       0x200010a6   Section        0  alarm_lab3.o(.bss.getAlarmTimeString.buf)
    getTimeString.buf                        0x200010af   Data          16  managetime_lab3.o(.bss.getTimeString.buf)
    [Anonymous Symbol]                       0x200010af   Section        0  managetime_lab3.o(.bss.getTimeString.buf)
    mainMenu_buffer                          0x200010c9   Data          16  updatedisplay_lab3.o(.bss.mainMenu_buffer)
    [Anonymous Symbol]                       0x200010c9   Section        0  updatedisplay_lab3.o(.bss.mainMenu_buffer)
    previousMenu                             0x200010dc   Data           1  updatedisplay_lab3.o(.bss.previousMenu)
    [Anonymous Symbol]                       0x200010dc   Section        0  updatedisplay_lab3.o(.bss.previousMenu)
    timeMenu_buffer                          0x200010de   Data          16  updatedisplay_lab3.o(.bss.timeMenu_buffer)
    [Anonymous Symbol]                       0x200010de   Section        0  updatedisplay_lab3.o(.bss.timeMenu_buffer)
    StackMem                                 0x20001170   Data           0  startup.o(STACK)
    STACK                                    0x20001170   Section     1024  startup.o(STACK)

    Global Symbols

    Symbol Name                              Value     Ov Type        Size  Object(Section)

    BuildAttributes$$THM_ISAv4$E$P$D$K$B$S$7EM$VFPi3$EXTD16$VFPS$VFMA$PE$A:L22UL41UL21$X:L11$S22US41US21$IEEE1$IW$~IW$USESV6$~STKCKD$USESV7$~SHL$OSPACE$ROPI$EBA8$MICROLIB$REQ8$PRES8$EABIv2 0x00000000   Number         0  anon$$obj.o ABSOLUTE
    __Vectors                                0x00000000   Data           0  startup.o(RESET)
    __cpp_initialize__aeabi_                  - Undefined Weak Reference
    __cxa_finalize                            - Undefined Weak Reference
    __decompress                              - Undefined Weak Reference
    _clock_init                               - Undefined Weak Reference
    _microlib_exit                            - Undefined Weak Reference
    Reset_Handler                            0x0000026d   Thumb Code     0  startup.o(RESET)
    MemManage_Handler                        0x00000283   Thumb Code     2  startup.o(RESET)
    BusFault_Handler                         0x00000285   Thumb Code     2  startup.o(RESET)
    UsageFault_Handler                       0x00000287   Thumb Code     2  startup.o(RESET)
    SVC_Handler                              0x00000289   Thumb Code     2  startup.o(RESET)
    DebugMon_Handler                         0x0000028b   Thumb Code     2  startup.o(RESET)
    PendSV_Handler                           0x0000028d   Thumb Code     2  startup.o(RESET)
    ADC0Seq0_Handler                         0x00000291   Thumb Code     0  startup.o(RESET)
    ADC0Seq1_Handler                         0x00000291   Thumb Code     0  startup.o(RESET)
    ADC0Seq2_Handler                         0x00000291   Thumb Code     0  startup.o(RESET)
    ADC0Seq3_Handler                         0x00000291   Thumb Code     0  startup.o(RESET)
    ADC1Seq0_Handler                         0x00000291   Thumb Code     0  startup.o(RESET)
    ADC1Seq1_Handler                         0x00000291   Thumb Code     0  startup.o(RESET)
    ADC1Seq2_Handler                         0x00000291   Thumb Code     0  startup.o(RESET)
    ADC1Seq3_Handler                         0x00000291   Thumb Code     0  startup.o(RESET)
    CAN0_Handler                             0x00000291   Thumb Code     0  startup.o(RESET)
    CAN1_Handler                             0x00000291   Thumb Code     0  startup.o(RESET)
    CAN2_Handler                             0x00000291   Thumb Code     0  startup.o(RESET)
    Comp0_Handler                            0x00000291   Thumb Code     0  startup.o(RESET)
    Comp1_Handler                            0x00000291   Thumb Code     0  startup.o(RESET)
    Comp2_Handler                            0x00000291   Thumb Code     0  startup.o(RESET)
    Ethernet_Handler                         0x00000291   Thumb Code     0  startup.o(RESET)
    ExtBus_Handler                           0x00000291   Thumb Code     0  startup.o(RESET)
    FPU_Handler                              0x00000291   Thumb Code     0  startup.o(RESET)
    Fan0_Handler                             0x00000291   Thumb Code     0  startup.o(RESET)
    FlashCtl_Handler                         0x00000291   Thumb Code     0  startup.o(RESET)
    GPIOPortA_Handler                        0x00000291   Thumb Code     0  startup.o(RESET)
    GPIOPortD_Handler                        0x00000291   Thumb Code     0  startup.o(RESET)
    GPIOPortF_Handler                        0x00000291   Thumb Code     0  startup.o(RESET)
    GPIOPortG_Handler                        0x00000291   Thumb Code     0  startup.o(RESET)
    GPIOPortH_Handler                        0x00000291   Thumb Code     0  startup.o(RESET)
    GPIOPortJ_Handler                        0x00000291   Thumb Code     0  startup.o(RESET)
    GPIOPortK_Handler                        0x00000291   Thumb Code     0  startup.o(RESET)
    GPIOPortL_Handler                        0x00000291   Thumb Code     0  startup.o(RESET)
    GPIOPortM_Handler                        0x00000291   Thumb Code     0  startup.o(RESET)
    GPIOPortN_Handler                        0x00000291   Thumb Code     0  startup.o(RESET)
    GPIOPortP1_Handler                       0x00000291   Thumb Code     0  startup.o(RESET)
    GPIOPortP2_Handler                       0x00000291   Thumb Code     0  startup.o(RESET)
    GPIOPortP3_Handler                       0x00000291   Thumb Code     0  startup.o(RESET)
    GPIOPortP4_Handler                       0x00000291   Thumb Code     0  startup.o(RESET)
    GPIOPortP5_Handler                       0x00000291   Thumb Code     0  startup.o(RESET)
    GPIOPortP6_Handler                       0x00000291   Thumb Code     0  startup.o(RESET)
    GPIOPortP7_Handler                       0x00000291   Thumb Code     0  startup.o(RESET)
    GPIOPortP_Handler                        0x00000291   Thumb Code     0  startup.o(RESET)
    GPIOPortQ1_Handler                       0x00000291   Thumb Code     0  startup.o(RESET)
    GPIOPortQ2_Handler                       0x00000291   Thumb Code     0  startup.o(RESET)
    GPIOPortQ3_Handler                       0x00000291   Thumb Code     0  startup.o(RESET)
    GPIOPortQ4_Handler                       0x00000291   Thumb Code     0  startup.o(RESET)
    GPIOPortQ5_Handler                       0x00000291   Thumb Code     0  startup.o(RESET)
    GPIOPortQ6_Handler                       0x00000291   Thumb Code     0  startup.o(RESET)
    GPIOPortQ7_Handler                       0x00000291   Thumb Code     0  startup.o(RESET)
    GPIOPortQ_Handler                        0x00000291   Thumb Code     0  startup.o(RESET)
    GPIOPortR_Handler                        0x00000291   Thumb Code     0  startup.o(RESET)
    GPIOPortS_Handler                        0x00000291   Thumb Code     0  startup.o(RESET)
    Hibernate_Handler                        0x00000291   Thumb Code     0  startup.o(RESET)
    I2C0_Handler                             0x00000291   Thumb Code     0  startup.o(RESET)
    I2C1_Handler                             0x00000291   Thumb Code     0  startup.o(RESET)
    I2C2_Handler                             0x00000291   Thumb Code     0  startup.o(RESET)
    I2C3_Handler                             0x00000291   Thumb Code     0  startup.o(RESET)
    I2C4_Handler                             0x00000291   Thumb Code     0  startup.o(RESET)
    I2C5_Handler                             0x00000291   Thumb Code     0  startup.o(RESET)
    I2S0_Handler                             0x00000291   Thumb Code     0  startup.o(RESET)
    LPC0_Handler                             0x00000291   Thumb Code     0  startup.o(RESET)
    PECI0_Handler                            0x00000291   Thumb Code     0  startup.o(RESET)
    PWM0Fault_Handler                        0x00000291   Thumb Code     0  startup.o(RESET)
    PWM0Generator0_Handler                   0x00000291   Thumb Code     0  startup.o(RESET)
    PWM0Generator1_Handler                   0x00000291   Thumb Code     0  startup.o(RESET)
    PWM0Generator2_Handler                   0x00000291   Thumb Code     0  startup.o(RESET)
    PWM0Generator3_Handler                   0x00000291   Thumb Code     0  startup.o(RESET)
    PWM1Fault_Handler                        0x00000291   Thumb Code     0  startup.o(RESET)
    PWM1Generator0_Handler                   0x00000291   Thumb Code     0  startup.o(RESET)
    PWM1Generator1_Handler                   0x00000291   Thumb Code     0  startup.o(RESET)
    PWM1Generator2_Handler                   0x00000291   Thumb Code     0  startup.o(RESET)
    PWM1Generator3_Handler                   0x00000291   Thumb Code     0  startup.o(RESET)
    Quadrature0_Handler                      0x00000291   Thumb Code     0  startup.o(RESET)
    Quadrature1_Handler                      0x00000291   Thumb Code     0  startup.o(RESET)
    Quadrature2_Handler                      0x00000291   Thumb Code     0  startup.o(RESET)
    SSI0_Handler                             0x00000291   Thumb Code     0  startup.o(RESET)
    SSI1_Handler                             0x00000291   Thumb Code     0  startup.o(RESET)
    SSI2_Handler                             0x00000291   Thumb Code     0  startup.o(RESET)
    SSI3_Handler                             0x00000291   Thumb Code     0  startup.o(RESET)
    SysCtl_Handler                           0x00000291   Thumb Code     0  startup.o(RESET)
    Timer0B_Handler                          0x00000291   Thumb Code     0  startup.o(RESET)
    Timer1A_Handler                          0x00000291   Thumb Code     0  startup.o(RESET)
    Timer1B_Handler                          0x00000291   Thumb Code     0  startup.o(RESET)
    Timer2B_Handler                          0x00000291   Thumb Code     0  startup.o(RESET)
    Timer3B_Handler                          0x00000291   Thumb Code     0  startup.o(RESET)
    Timer4B_Handler                          0x00000291   Thumb Code     0  startup.o(RESET)
    Timer5B_Handler                          0x00000291   Thumb Code     0  startup.o(RESET)
    UART0_Handler                            0x00000291   Thumb Code     0  startup.o(RESET)
    UART1_Handler                            0x00000291   Thumb Code     0  startup.o(RESET)
    UART2_Handler                            0x00000291   Thumb Code     0  startup.o(RESET)
    UART3_Handler                            0x00000291   Thumb Code     0  startup.o(RESET)
    UART4_Handler                            0x00000291   Thumb Code     0  startup.o(RESET)
    UART5_Handler                            0x00000291   Thumb Code     0  startup.o(RESET)
    UART6_Handler                            0x00000291   Thumb Code     0  startup.o(RESET)
    UART7_Handler                            0x00000291   Thumb Code     0  startup.o(RESET)
    USB0_Handler                             0x00000291   Thumb Code     0  startup.o(RESET)
    WDT_Handler                              0x00000291   Thumb Code     0  startup.o(RESET)
    WideTimer0A_Handler                      0x00000291   Thumb Code     0  startup.o(RESET)
    WideTimer0B_Handler                      0x00000291   Thumb Code     0  startup.o(RESET)
    WideTimer1A_Handler                      0x00000291   Thumb Code     0  startup.o(RESET)
    WideTimer1B_Handler                      0x00000291   Thumb Code     0  startup.o(RESET)
    WideTimer2A_Handler                      0x00000291   Thumb Code     0  startup.o(RESET)
    WideTimer2B_Handler                      0x00000291   Thumb Code     0  startup.o(RESET)
    WideTimer3A_Handler                      0x00000291   Thumb Code     0  startup.o(RESET)
    WideTimer3B_Handler                      0x00000291   Thumb Code     0  startup.o(RESET)
    WideTimer4A_Handler                      0x00000291   Thumb Code     0  startup.o(RESET)
    WideTimer4B_Handler                      0x00000291   Thumb Code     0  startup.o(RESET)
    WideTimer5A_Handler                      0x00000291   Thumb Code     0  startup.o(RESET)
    WideTimer5B_Handler                      0x00000291   Thumb Code     0  startup.o(RESET)
    _ReportHardFault                         0x00000291   Thumb Code     0  startup.o(RESET)
    __aeabi_assert                           0x00000291   Thumb Code     0  startup.o(RESET)
    uDMA_Error                               0x00000291   Thumb Code     0  startup.o(RESET)
    uDMA_Handler                             0x00000291   Thumb Code     0  startup.o(RESET)
    __main                                   0x00000295   Thumb Code     0  entry.o(.ARM.Collect$$$$00000000)
    _main_stk                                0x00000295   Thumb Code     0  entry2.o(.ARM.Collect$$$$00000001)
    _main_scatterload                        0x00000299   Thumb Code     0  entry5.o(.ARM.Collect$$$$00000004)
    __main_after_scatterload                 0x0000029d   Thumb Code     0  entry5.o(.ARM.Collect$$$$00000004)
    _main_clock                              0x0000029d   Thumb Code     0  entry7b.o(.ARM.Collect$$$$00000008)
    _main_cpp_init                           0x0000029d   Thumb Code     0  entry8b.o(.ARM.Collect$$$$0000000A)
    _main_init                               0x0000029d   Thumb Code     0  entry9a.o(.ARM.Collect$$$$0000000B)
    __rt_final_cpp                           0x000002a5   Thumb Code     0  entry10a.o(.ARM.Collect$$$$0000000D)
    __rt_final_exit                          0x000002a5   Thumb Code     0  entry11a.o(.ARM.Collect$$$$0000000F)
    DisableInterrupts                        0x000002a9   Thumb Code     0  startup.o(.text)
    EnableInterrupts                         0x000002ad   Thumb Code     0  startup.o(.text)
    StartCritical                            0x000002b1   Thumb Code     0  startup.o(.text)
    EndCritical                              0x000002b9   Thumb Code     0  startup.o(.text)
    WaitForInterrupt                         0x000002bf   Thumb Code     0  startup.o(.text)
    HardFault_Handler                        0x000002c3   Thumb Code     0  startup.o(.text)
    ___aeabi_memcpy$move                     0x000002dd   Thumb Code    64  memmovea.o(.text)
    ___aeabi_memcpy4$move                    0x000002dd   Thumb Code     0  memmovea.o(.text)
    ___aeabi_memcpy8$move                    0x000002dd   Thumb Code     0  memmovea.o(.text)
    __aeabi_memmove                          0x000002dd   Thumb Code     0  memmovea.o(.text)
    __aeabi_memmove4                         0x000002dd   Thumb Code     0  memmovea.o(.text)
    __aeabi_memmove8                         0x000002dd   Thumb Code     0  memmovea.o(.text)
    strlen                                   0x0000031d   Thumb Code    14  strlen.o(.text)
    strcmp                                   0x0000032b   Thumb Code    28  strcmp.o(.text)
    strcpy                                   0x00000347   Thumb Code    18  strcpy.o(.text)
    strtok                                   0x00000359   Thumb Code    62  strtok.o(.text)
    __aeabi_uidiv                            0x0000039d   Thumb Code     0  uidiv.o(.text)
    __aeabi_uidivmod                         0x0000039d   Thumb Code    44  uidiv.o(.text)
    __aeabi_uldivmod                         0x000003c9   Thumb Code    98  uldiv.o(.text)
    __I$use$fp                               0x0000042b   Thumb Code     0  iusefp.o(.text)
    __aeabi_dadd                             0x0000042b   Thumb Code   322  dadd.o(.text)
    __aeabi_dsub                             0x0000056d   Thumb Code     6  dadd.o(.text)
    __aeabi_drsub                            0x00000573   Thumb Code     6  dadd.o(.text)
    __aeabi_dmul                             0x00000579   Thumb Code   228  dmul.o(.text)
    __aeabi_ddiv                             0x0000065d   Thumb Code   222  ddiv.o(.text)
    __aeabi_d2ulz                            0x0000073b   Thumb Code    48  dfixul.o(.text)
    __aeabi_cdrcmple                         0x0000076d   Thumb Code    48  cdrcmple.o(.text)
    __scatterload                            0x0000079d   Thumb Code    38  init.o(.text)
    __scatterload_rt2                        0x0000079d   Thumb Code     0  init.o(.text)
    __aeabi_llsl                             0x000007cd   Thumb Code    30  llshl.o(.text)
    _ll_shift_l                              0x000007cd   Thumb Code     0  llshl.o(.text)
    __aeabi_llsr                             0x000007eb   Thumb Code    32  llushr.o(.text)
    _ll_ushift_r                             0x000007eb   Thumb Code     0  llushr.o(.text)
    __aeabi_lasr                             0x0000080b   Thumb Code    36  llsshr.o(.text)
    _ll_sshift_r                             0x0000080b   Thumb Code     0  llsshr.o(.text)
    _double_round                            0x0000082f   Thumb Code    30  depilogue.o(.text)
    _double_epilogue                         0x0000084d   Thumb Code   156  depilogue.o(.text)
    ADC_In                                   0x000008e9   Thumb Code    70  adc_lab3.o(.text.ADC_In)
    ADC_Init                                 0x00000931   Thumb Code   262  adc_lab3.o(.text.ADC_Init)
    AlarmMenu_MoveCursor                     0x00000a39   Thumb Code    94  updatedisplay_lab3.o(.text.AlarmMenu_MoveCursor)
    Alarm_Check                              0x00000a99   Thumb Code   260  alarm_lab3.o(.text.Alarm_Check)
    Alarm_Disable                            0x00000b9d   Thumb Code    14  alarm_lab3.o(.text.Alarm_Disable)
    Alarm_Enable                             0x00000bad   Thumb Code    14  alarm_lab3.o(.text.Alarm_Enable)
    Alarm_Init                               0x00000bbd   Thumb Code    12  alarm_lab3.o(.text.Alarm_Init)
    Alarm_Or_Time_IncrementDigit             0x00000bc9   Thumb Code   950  updatedisplay_lab3.o(.text.Alarm_Or_Time_IncrementDigit)
    Alarm_Reset                              0x00000f81   Thumb Code    46  alarm_lab3.o(.text.Alarm_Reset)
    Alarm_Set                                0x00000fb1   Thumb Code   452  alarm_lab3.o(.text.Alarm_Set)
    Alarm_Stop                               0x00001175   Thumb Code    32  alarm_lab3.o(.text.Alarm_Stop)
    CalculateSignal                          0x00001195   Thumb Code    70  adc_lab3.o(.text.CalculateSignal)
    Clock_Delay                              0x000011dd   Thumb Code    24  switchinterface_lab3.o(.text.Clock_Delay)
    Clock_Delay1ms                           0x000011f5   Thumb Code    34  switchinterface_lab3.o(.text.Clock_Delay1ms)
    DecrementHours                           0x00001219   Thumb Code    84  managetime_lab3.o(.text.DecrementHours)
    DecrementMinutes                         0x0000126d   Thumb Code    34  managetime_lab3.o(.text.DecrementMinutes)
    Delay1ms                                 0x00001291   Thumb Code    46  st7735.o(.text.Delay1ms)
    DelayWait1ms                             0x000012c1   Thumb Code    46  esp8266_base.o(.text.DelayWait1ms)
    DrawAlarmMenu                            0x000012f1   Thumb Code   204  updatedisplay_lab3.o(.text.DrawAlarmMenu)
    DrawAnalogClockHands                     0x000013bd   Thumb Code   264  updatedisplay_lab3.o(.text.DrawAnalogClockHands)
    DrawDanceMeme                            0x000014c5   Thumb Code   112  updatedisplay_lab3.o(.text.DrawDanceMeme)
    DrawMainMenu                             0x00001535   Thumb Code   156  updatedisplay_lab3.o(.text.DrawMainMenu)
    DrawTimeMenu                             0x000015d1   Thumb Code   434  updatedisplay_lab3.o(.text.DrawTimeMenu)
    GPIOPortB_Handler                        0x00001785   Thumb Code   134  lab4e_main.o(.text.GPIOPortB_Handler)
    GPIOPortC_Handler                        0x0000180d   Thumb Code    46  lab4e_main.o(.text.GPIOPortC_Handler)
    GPIOPortE_Handler                        0x0000183d   Thumb Code    46  lab4e_main.o(.text.GPIOPortE_Handler)
    IR_Convert                               0x0000186d   Thumb Code    46  adc_lab3.o(.text.IR_Convert)
    IncrementHours                           0x0000189d   Thumb Code    84  managetime_lab3.o(.text.IncrementHours)
    IncrementMinutes                         0x000018f1   Thumb Code    34  managetime_lab3.o(.text.IncrementMinutes)
    MQTT_to_TM4C                             0x00001915   Thumb Code   224  mqtt.o(.text.MQTT_to_TM4C)
    MainMenu_MoveCursor                      0x000019f5   Thumb Code    94  updatedisplay_lab3.o(.text.MainMenu_MoveCursor)
    MainMenu_UpdateTime                      0x00001a55   Thumb Code    76  updatedisplay_lab3.o(.text.MainMenu_UpdateTime)
    ManageTime_Init                          0x00001aa1   Thumb Code    84  managetime_lab3.o(.text.ManageTime_Init)
    PB1_Switch_In                            0x00001af5   Thumb Code    16  switchinterface_lab3.o(.text.PB1_Switch_In)
    PB3_Switch_In                            0x00001b05   Thumb Code    16  switchinterface_lab3.o(.text.PB3_Switch_In)
    PB4_Switch_In                            0x00001b15   Thumb Code    16  switchinterface_lab3.o(.text.PB4_Switch_In)
    PC5_Switch_In                            0x00001b25   Thumb Code    16  switchinterface_lab3.o(.text.PC5_Switch_In)
    PE3_Switch_In                            0x00001b35   Thumb Code    16  switchinterface_lab3.o(.text.PE3_Switch_In)
    PLL_Init                                 0x00001b45   Thumb Code   138  pll.o(.text.PLL_Init)
    Parser                                   0x00001bd1   Thumb Code   390  mqtt.o(.text.Parser)
    Port_E_Init                              0x00001d59   Thumb Code   218  unified_port_init.o(.text.Port_E_Init)
    RealTimeTask                             0x00001e35   Thumb Code    64  adc_lab3.o(.text.RealTimeTask)
    Reset_8266                               0x00001e75   Thumb Code    44  esp8266_base.o(.text.Reset_8266)
    ST7735_Color565                          0x00001ea1   Thumb Code    48  st7735.o(.text.ST7735_Color565)
    ST7735_DrawBitmap                        0x00001ed1   Thumb Code   594  st7735.o(.text.ST7735_DrawBitmap)
    ST7735_DrawCharS                         0x00002125   Thumb Code   438  st7735.o(.text.ST7735_DrawCharS)
    ST7735_DrawLine                          0x000022dd   Thumb Code   394  st7735.o(.text.ST7735_DrawLine)
    ST7735_DrawPixel                         0x00002469   Thumb Code   116  st7735.o(.text.ST7735_DrawPixel)
    ST7735_DrawString                        0x000024dd   Thumb Code   154  st7735.o(.text.ST7735_DrawString)
    ST7735_FillRect                          0x00002579   Thumb Code   324  st7735.o(.text.ST7735_FillRect)
    ST7735_FillScreen                        0x000026bd   Thumb Code    52  st7735.o(.text.ST7735_FillScreen)
    ST7735_InitR                             0x000026f1   Thumb Code   166  st7735.o(.text.ST7735_InitR)
    ST7735_InvertDisplay                     0x00002799   Thumb Code    36  st7735.o(.text.ST7735_InvertDisplay)
    ST7735_SetCursor                         0x000027bd   Thumb Code    54  st7735.o(.text.ST7735_SetCursor)
    ST7735_SetRotation                       0x000027f5   Thumb Code   294  st7735.o(.text.ST7735_SetRotation)
    SetupWiFi                                0x0000291d   Thumb Code   566  esp8266_base.o(.text.SetupWiFi)
    Speaker_Init                             0x00002b55   Thumb Code    74  speakerinterface_lab3.o(.text.Speaker_Init)
    Speaker_Off                              0x00002ba1   Thumb Code    40  speakerinterface_lab3.o(.text.Speaker_Off)
    Speaker_On                               0x00002bc9   Thumb Code    70  speakerinterface_lab3.o(.text.Speaker_On)
    Switch_Init                              0x00002c11   Thumb Code   160  switchinterface_lab3.o(.text.Switch_Init)
    Switch_Interrupt_Init                    0x00002cb1   Thumb Code   436  switchinterface_lab3.o(.text.Switch_Interrupt_Init)
    SysTick_Handler                          0x00002e65   Thumb Code    90  speakerinterface_lab3.o(.text.SysTick_Handler)
    TM4C_to_MQTT                             0x00002ec1   Thumb Code   114  mqtt.o(.text.TM4C_to_MQTT)
    TimeMenu_MoveArrowLeft                   0x00002f35   Thumb Code   120  updatedisplay_lab3.o(.text.TimeMenu_MoveArrowLeft)
    TimeMenu_MoveCursor                      0x00002fad   Thumb Code    94  updatedisplay_lab3.o(.text.TimeMenu_MoveCursor)
    TimeMenu_ToggleAM_PM                     0x0000300d   Thumb Code   174  updatedisplay_lab3.o(.text.TimeMenu_ToggleAM_PM)
    Time_ISR_1Hz                             0x000030bd   Thumb Code   268  managetime_lab3.o(.text.Time_ISR_1Hz)
    Time_Set                                 0x000031c9   Thumb Code   266  managetime_lab3.o(.text.Time_Set)
    Timer0A_Handler                          0x000032d5   Thumb Code    26  timer0a.o(.text.Timer0A_Handler)
    Timer1_Init                              0x000032f1   Thumb Code    88  adc_lab3.o(.text.Timer1_Init)
    Timer2A_Handler                          0x00003349   Thumb Code    28  timer2a.o(.text.Timer2A_Handler)
    Timer2A_Init                             0x00003365   Thumb Code   160  timer2a.o(.text.Timer2A_Init)
    Timer3A_Handler                          0x00003405   Thumb Code    28  timer3a.o(.text.Timer3A_Handler)
    Timer3A_Init                             0x00003421   Thumb Code   158  timer3a.o(.text.Timer3A_Init)
    Timer4A_Handler                          0x000034c1   Thumb Code    28  timer4a.o(.text.Timer4A_Handler)
    Timer4A_Init                             0x000034dd   Thumb Code   158  timer4a.o(.text.Timer4A_Init)
    Timer5A_Handler                          0x0000357d   Thumb Code    28  timer5a.o(.text.Timer5A_Handler)
    Timer5A_Init                             0x00003599   Thumb Code   160  timer5a.o(.text.Timer5A_Init)
    UART5_Init                               0x00003639   Thumb Code   242  uart5.o(.text.UART5_Init)
    UART5_OutChar                            0x0000372d   Thumb Code    46  uart5.o(.text.UART5_OutChar)
    UART5_OutString                          0x0000375d   Thumb Code    36  uart5.o(.text.UART5_OutString)
    UART_Init                                0x00003781   Thumb Code   160  uart.o(.text.UART_Init)
    UART_OutChar                             0x00003821   Thumb Code    46  uart.o(.text.UART_OutChar)
    UART_OutString                           0x00003851   Thumb Code    36  uart.o(.text.UART_OutString)
    UpdateAM_or_PM                           0x00003875   Thumb Code    20  managetime_lab3.o(.text.UpdateAM_or_PM)
    UpdateDisplay                            0x00003889   Thumb Code   528  updatedisplay_lab3.o(.text.UpdateDisplay)
    Update_Time                              0x00003a99   Thumb Code    76  managetime_lab3.o(.text.Update_Time)
    drawHand                                 0x00003d59   Thumb Code   170  updatedisplay_lab3.o(.text.drawHand)
    getAlarmTimeString                       0x00003e05   Thumb Code   174  alarm_lab3.o(.text.getAlarmTimeString)
    getIsSpeakerOn                           0x00003eb5   Thumb Code    12  speakerinterface_lab3.o(.text.getIsSpeakerOn)
    getTimeString                            0x00003ec1   Thumb Code   166  managetime_lab3.o(.text.getTimeString)
    main                                     0x00003f69   Thumb Code  1112  lab4e_main.o(.text.main)
    toggle24HourMode                         0x00004471   Thumb Code   494  globals_lab3.o(.text.toggle24HourMode)
    toggleDarkMode                           0x00004661   Thumb Code    36  updatedisplay_lab3.o(.text.toggleDarkMode)
    __0snprintf                              0x0000471d   Thumb Code    48  printfa.o(i.__0snprintf)
    __1snprintf                              0x0000471d   Thumb Code     0  printfa.o(i.__0snprintf)
    __2snprintf                              0x0000471d   Thumb Code     0  printfa.o(i.__0snprintf)
    __c89snprintf                            0x0000471d   Thumb Code     0  printfa.o(i.__0snprintf)
    snprintf                                 0x0000471d   Thumb Code     0  printfa.o(i.__0snprintf)
    __0sprintf                               0x00004751   Thumb Code    34  printfa.o(i.__0sprintf)
    __1sprintf                               0x00004751   Thumb Code     0  printfa.o(i.__0sprintf)
    __2sprintf                               0x00004751   Thumb Code     0  printfa.o(i.__0sprintf)
    __c89sprintf                             0x00004751   Thumb Code     0  printfa.o(i.__0sprintf)
    sprintf                                  0x00004751   Thumb Code     0  printfa.o(i.__0sprintf)
    __scatterload_copy                       0x00004779   Thumb Code    14  handlers.o(i.__scatterload_copy)
    __scatterload_null                       0x00004787   Thumb Code     2  handlers.o(i.__scatterload_null)
    __scatterload_zeroinit                   0x00004789   Thumb Code    14  handlers.o(i.__scatterload_zeroinit)
    FSM                                      0x0000506a   Data          24  fsm_lab3.o(.rodata.FSM)
    clock_bmp                                0x000055fe   Data       12800  analogclock_lab3.o(.rodata.clock_bmp)
    cosTable60                               0x000087fe   Data         120  sinecosinelut_lab3.o(.rodata.cosTable60)
    dancingGuy1                              0x00008876   Data       22400  dancingguy_lab3.o(.rodata.dancingGuy1)
    dancingGuy2                              0x0000dff6   Data       22400  dancingguy_lab3.o(.rodata.dancingGuy2)
    sinTable60                               0x00013776   Data         120  sinecosinelut_lab3.o(.rodata.sinTable60)
    Region$$Table$$Base                      0x00013970   Number         0  anon$$obj.o(Region$$Table)
    Region$$Table$$Limit                     0x00013990   Number         0  anon$$obj.o(Region$$Table)
    AM_or_PM                                 0x20000004   Data           1  globals_lab3.o(.data.AM_or_PM)
    Distance                                 0x20000008   Data           4  adc_lab3.o(.data.Distance)
    StTextColor                              0x2000000c   Data           2  st7735.o(.data.StTextColor)
    darkmode                                 0x20000018   Data           1  updatedisplay_lab3.o(.data.darkmode)
    eid                                      0x20000019   Data          32  esp8266_base.o(.data.eid)
    mqtt_broker                              0x20000040   Data          32  esp8266_base.o(.data.mqtt_broker)
    mqtt_port                                0x20000060   Data           8  esp8266_base.o(.data.mqtt_port)
    pass                                     0x20000068   Data          32  esp8266_base.o(.data.pass)
    ssid                                     0x20000088   Data          32  esp8266_base.o(.data.ssid)
    AlarmHours                               0x200000b0   Data           1  globals_lab3.o(.bss.AlarmHours)
    AlarmMinutes                             0x200000b1   Data           1  globals_lab3.o(.bss.AlarmMinutes)
    AlarmPlaying                             0x200000b2   Data           1  globals_lab3.o(.bss.AlarmPlaying)
    Alarm_AM_PM                              0x200000b3   Data           1  globals_lab3.o(.bss.Alarm_AM_PM)
    DancingGuyPosition                       0x200000b5   Data           1  dancingguy_lab3.o(.bss.DancingGuyPosition)
    DataBuf                                  0x200000b8   Data        4000  adc_lab3.o(.bss.DataBuf)
    MinuteTick                               0x20001058   Data           1  managetime_lab3.o(.bss.MinuteTick)
    Num                                      0x2000105c   Data           4  adc_lab3.o(.bss.Num)
    OnWebsite                                0x20001060   Data           1  globals_lab3.o(.bss.OnWebsite)
    PB1_Pressed                              0x20001061   Data           1  globals_lab3.o(.bss.PB1_Pressed)
    PB3_Pressed                              0x20001062   Data           1  globals_lab3.o(.bss.PB3_Pressed)
    PB4_Pressed                              0x20001063   Data           1  globals_lab3.o(.bss.PB4_Pressed)
    PC5_Pressed                              0x20001064   Data           1  globals_lab3.o(.bss.PC5_Pressed)
    PE3_Pressed                              0x20001065   Data           1  globals_lab3.o(.bss.PE3_Pressed)
    PeriodicTask0                            0x20001068   Data           4  timer0a.o(.bss.PeriodicTask0)
    PeriodicTask2                            0x2000106c   Data           4  timer2a.o(.bss.PeriodicTask2)
    PeriodicTask3                            0x20001070   Data           4  timer3a.o(.bss.PeriodicTask3)
    PeriodicTask4                            0x20001074   Data           4  timer4a.o(.bss.PeriodicTask4)
    PeriodicTask5                            0x20001078   Data           4  timer5a.o(.bss.PeriodicTask5)
    Signal                                   0x20001080   Data           4  adc_lab3.o(.bss.Signal)
    StX                                      0x20001084   Data           4  st7735.o(.bss.StX)
    StY                                      0x20001088   Data           4  st7735.o(.bss.StY)
    TimeHours                                0x2000108d   Data           1  globals_lab3.o(.bss.TimeHours)
    TimeMinutes                              0x2000108e   Data           1  globals_lab3.o(.bss.TimeMinutes)
    TimeSeconds                              0x2000108f   Data           1  globals_lab3.o(.bss.TimeSeconds)
    currentState                             0x200010a5   Data           1  globals_lab3.o(.bss.currentState)
    inactivityCounter                        0x200010c0   Data           4  globals_lab3.o(.bss.inactivityCounter)
    inchar                                   0x200010c4   Data           1  esp8266_base.o(.bss.inchar)
    is24hourMode                             0x200010c5   Data           1  globals_lab3.o(.bss.is24hourMode)
    isAlarmSet                               0x200010c6   Data           1  globals_lab3.o(.bss.isAlarmSet)
    isGuyDancing                             0x200010c7   Data           1  globals_lab3.o(.bss.isGuyDancing)
    isSpeakerOn                              0x200010c8   Data           1  speakerinterface_lab3.o(.bss.isSpeakerOn)
    needToSetAlarm                           0x200010d9   Data           1  globals_lab3.o(.bss.needToSetAlarm)
    needToSetClock                           0x200010da   Data           1  globals_lab3.o(.bss.needToSetClock)
    pos                                      0x200010db   Data           1  globals_lab3.o(.bss.pos)
    pwmCounter                               0x200010dd   Data           1  speakerinterface_lab3.o(.bss.pwmCounter)
    w2b_buf                                  0x200010ee   Data         128  mqtt.o(.bss.w2b_buf)
    __initial_sp                             0x20001570   Data           0  startup.o(STACK)



==============================================================================

Memory Map of the image

  Image Entry point : 0x00000295

  Load Region LR_IROM1 (Base: 0x00000000, Size: 0x00013a40, Max: 0x00040000, ABSOLUTE)

    Execution Region ER_IROM1 (Exec base: 0x00000000, Load base: 0x00000000, Size: 0x00013990, Max: 0x00040000, ABSOLUTE)

    Exec Addr    Load Addr    Size         Type   Attr      Idx    E Section Name        Object

    0x00000000   0x00000000   0x00000294   Code   RO           21    RESET               startup.o
    0x00000294   0x00000294   0x00000000   Code   RO          637  * .ARM.Collect$$$$00000000  mc_w.l(entry.o)
    0x00000294   0x00000294   0x00000004   Code   RO          684    .ARM.Collect$$$$00000001  mc_w.l(entry2.o)
    0x00000298   0x00000298   0x00000004   Code   RO          687    .ARM.Collect$$$$00000004  mc_w.l(entry5.o)
    0x0000029c   0x0000029c   0x00000000   Code   RO          689    .ARM.Collect$$$$00000008  mc_w.l(entry7b.o)
    0x0000029c   0x0000029c   0x00000000   Code   RO          691    .ARM.Collect$$$$0000000A  mc_w.l(entry8b.o)
    0x0000029c   0x0000029c   0x00000008   Code   RO          692    .ARM.Collect$$$$0000000B  mc_w.l(entry9a.o)
    0x000002a4   0x000002a4   0x00000000   Code   RO          694    .ARM.Collect$$$$0000000D  mc_w.l(entry10a.o)
    0x000002a4   0x000002a4   0x00000000   Code   RO          696    .ARM.Collect$$$$0000000F  mc_w.l(entry11a.o)
    0x000002a4   0x000002a4   0x00000004   Code   RO          685    .ARM.Collect$$$$00002712  mc_w.l(entry2.o)
    0x000002a8   0x000002a8   0x00000034   Code   RO           22    .text               startup.o
    0x000002dc   0x000002dc   0x00000040   Code   RO          640    .text               mc_w.l(memmovea.o)
    0x0000031c   0x0000031c   0x0000000e   Code   RO          642    .text               mc_w.l(strlen.o)
    0x0000032a   0x0000032a   0x0000001c   Code   RO          644    .text               mc_w.l(strcmp.o)
    0x00000346   0x00000346   0x00000012   Code   RO          646    .text               mc_w.l(strcpy.o)
    0x00000358   0x00000358   0x00000044   Code   RO          648    .text               mc_w.l(strtok.o)
    0x0000039c   0x0000039c   0x0000002c   Code   RO          708    .text               mc_w.l(uidiv.o)
    0x000003c8   0x000003c8   0x00000062   Code   RO          710    .text               mc_w.l(uldiv.o)
    0x0000042a   0x0000042a   0x00000000   Code   RO          712    .text               mc_w.l(iusefp.o)
    0x0000042a   0x0000042a   0x0000014e   Code   RO          713    .text               mf_w.l(dadd.o)
    0x00000578   0x00000578   0x000000e4   Code   RO          715    .text               mf_w.l(dmul.o)
    0x0000065c   0x0000065c   0x000000de   Code   RO          717    .text               mf_w.l(ddiv.o)
    0x0000073a   0x0000073a   0x00000030   Code   RO          719    .text               mf_w.l(dfixul.o)
    0x0000076a   0x0000076a   0x00000002   PAD
    0x0000076c   0x0000076c   0x00000030   Code   RO          721    .text               mf_w.l(cdrcmple.o)
    0x0000079c   0x0000079c   0x00000030   Code   RO          723    .text               mc_w.l(init.o)
    0x000007cc   0x000007cc   0x0000001e   Code   RO          725    .text               mc_w.l(llshl.o)
    0x000007ea   0x000007ea   0x00000020   Code   RO          727    .text               mc_w.l(llushr.o)
    0x0000080a   0x0000080a   0x00000024   Code   RO          729    .text               mc_w.l(llsshr.o)
    0x0000082e   0x0000082e   0x000000ba   Code   RO          731    .text               mf_w.l(depilogue.o)
    0x000008e8   0x000008e8   0x00000046   Code   RO          385    .text.ADC_In        adc_lab3.o
    0x0000092e   0x0000092e   0x00000002   PAD
    0x00000930   0x00000930   0x00000106   Code   RO          379    .text.ADC_Init      adc_lab3.o
    0x00000a36   0x00000a36   0x00000002   PAD
    0x00000a38   0x00000a38   0x0000005e   Code   RO          569    .text.AlarmMenu_MoveCursor  updatedisplay_lab3.o
    0x00000a96   0x00000a96   0x00000002   PAD
    0x00000a98   0x00000a98   0x00000104   Code   RO          412    .text.Alarm_Check   alarm_lab3.o
    0x00000b9c   0x00000b9c   0x0000000e   Code   RO          406    .text.Alarm_Disable  alarm_lab3.o
    0x00000baa   0x00000baa   0x00000002   PAD
    0x00000bac   0x00000bac   0x0000000e   Code   RO          410    .text.Alarm_Enable  alarm_lab3.o
    0x00000bba   0x00000bba   0x00000002   PAD
    0x00000bbc   0x00000bbc   0x0000000c   Code   RO          402    .text.Alarm_Init    alarm_lab3.o
    0x00000bc8   0x00000bc8   0x000003b6   Code   RO          577    .text.Alarm_Or_Time_IncrementDigit  updatedisplay_lab3.o
    0x00000f7e   0x00000f7e   0x00000002   PAD
    0x00000f80   0x00000f80   0x0000002e   Code   RO          404    .text.Alarm_Reset   alarm_lab3.o
    0x00000fae   0x00000fae   0x00000002   PAD
    0x00000fb0   0x00000fb0   0x000001c4   Code   RO          408    .text.Alarm_Set     alarm_lab3.o
    0x00001174   0x00001174   0x00000020   Code   RO          414    .text.Alarm_Stop    alarm_lab3.o
    0x00001194   0x00001194   0x00000046   Code   RO          389    .text.CalculateSignal  adc_lab3.o
    0x000011da   0x000011da   0x00000002   PAD
    0x000011dc   0x000011dc   0x00000018   Code   RO          550    .text.Clock_Delay   switchinterface_lab3.o
    0x000011f4   0x000011f4   0x00000022   Code   RO          548    .text.Clock_Delay1ms  switchinterface_lab3.o
    0x00001216   0x00001216   0x00000002   PAD
    0x00001218   0x00001218   0x00000054   Code   RO          488    .text.DecrementHours  managetime_lab3.o
    0x0000126c   0x0000126c   0x00000022   Code   RO          490    .text.DecrementMinutes  managetime_lab3.o
    0x0000128e   0x0000128e   0x00000002   PAD
    0x00001290   0x00001290   0x0000002e   Code   RO          146    .text.Delay1ms      st7735.o
    0x000012be   0x000012be   0x00000002   PAD
    0x000012c0   0x000012c0   0x0000002e   Code   RO          317    .text.DelayWait1ms  esp8266_base.o
    0x000012ee   0x000012ee   0x00000002   PAD
    0x000012f0   0x000012f0   0x000000cc   Code   RO          563    .text.DrawAlarmMenu  updatedisplay_lab3.o
    0x000013bc   0x000013bc   0x00000108   Code   RO          573    .text.DrawAnalogClockHands  updatedisplay_lab3.o
    0x000014c4   0x000014c4   0x00000070   Code   RO          587    .text.DrawDanceMeme  updatedisplay_lab3.o
    0x00001534   0x00001534   0x0000009c   Code   RO          561    .text.DrawMainMenu  updatedisplay_lab3.o
    0x000015d0   0x000015d0   0x000001b2   Code   RO          565    .text.DrawTimeMenu  updatedisplay_lab3.o
    0x00001782   0x00001782   0x00000002   PAD
    0x00001784   0x00001784   0x00000086   Code   RO            6    .text.GPIOPortB_Handler  lab4e_main.o
    0x0000180a   0x0000180a   0x00000002   PAD
    0x0000180c   0x0000180c   0x0000002e   Code   RO            4    .text.GPIOPortC_Handler  lab4e_main.o
    0x0000183a   0x0000183a   0x00000002   PAD
    0x0000183c   0x0000183c   0x0000002e   Code   RO            8    .text.GPIOPortE_Handler  lab4e_main.o
    0x0000186a   0x0000186a   0x00000002   PAD
    0x0000186c   0x0000186c   0x0000002e   Code   RO          387    .text.IR_Convert    adc_lab3.o
    0x0000189a   0x0000189a   0x00000002   PAD
    0x0000189c   0x0000189c   0x00000054   Code   RO          492    .text.IncrementHours  managetime_lab3.o
    0x000018f0   0x000018f0   0x00000022   Code   RO          494    .text.IncrementMinutes  managetime_lab3.o
    0x00001912   0x00001912   0x00000002   PAD
    0x00001914   0x00001914   0x000000e0   Code   RO          303    .text.MQTT_to_TM4C  mqtt.o
    0x000019f4   0x000019f4   0x0000005e   Code   RO          567    .text.MainMenu_MoveCursor  updatedisplay_lab3.o
    0x00001a52   0x00001a52   0x00000002   PAD
    0x00001a54   0x00001a54   0x0000004c   Code   RO          575    .text.MainMenu_UpdateTime  updatedisplay_lab3.o
    0x00001aa0   0x00001aa0   0x00000054   Code   RO          478    .text.ManageTime_Init  managetime_lab3.o
    0x00001af4   0x00001af4   0x00000010   Code   RO          546    .text.PB1_Switch_In  switchinterface_lab3.o
    0x00001b04   0x00001b04   0x00000010   Code   RO          544    .text.PB3_Switch_In  switchinterface_lab3.o
    0x00001b14   0x00001b14   0x00000010   Code   RO          540    .text.PB4_Switch_In  switchinterface_lab3.o
    0x00001b24   0x00001b24   0x00000010   Code   RO          538    .text.PC5_Switch_In  switchinterface_lab3.o
    0x00001b34   0x00001b34   0x00000010   Code   RO          542    .text.PE3_Switch_In  switchinterface_lab3.o
    0x00001b44   0x00001b44   0x0000008a   Code   RO           60    .text.PLL_Init      pll.o
    0x00001bce   0x00001bce   0x00000002   PAD
    0x00001bd0   0x00001bd0   0x00000186   Code   RO          299    .text.Parser        mqtt.o
    0x00001d56   0x00001d56   0x00000002   PAD
    0x00001d58   0x00001d58   0x000000da   Code   RO           70    .text.Port_E_Init   unified_port_init.o
    0x00001e32   0x00001e32   0x00000002   PAD
    0x00001e34   0x00001e34   0x00000040   Code   RO          383    .text.RealTimeTask  adc_lab3.o
    0x00001e74   0x00001e74   0x0000002c   Code   RO          319    .text.Reset_8266    esp8266_base.o
    0x00001ea0   0x00001ea0   0x00000030   Code   RO          182    .text.ST7735_Color565  st7735.o
    0x00001ed0   0x00001ed0   0x00000252   Code   RO          186    .text.ST7735_DrawBitmap  st7735.o
    0x00002122   0x00002122   0x00000002   PAD
    0x00002124   0x00002124   0x000001b6   Code   RO          188    .text.ST7735_DrawCharS  st7735.o
    0x000022da   0x000022da   0x00000002   PAD
    0x000022dc   0x000022dc   0x0000018a   Code   RO          264    .text.ST7735_DrawLine  st7735.o
    0x00002466   0x00002466   0x00000002   PAD
    0x00002468   0x00002468   0x00000074   Code   RO          164    .text.ST7735_DrawPixel  st7735.o
    0x000024dc   0x000024dc   0x0000009a   Code   RO          192    .text.ST7735_DrawString  st7735.o
    0x00002576   0x00002576   0x00000002   PAD
    0x00002578   0x00002578   0x00000144   Code   RO          176    .text.ST7735_FillRect  st7735.o
    0x000026bc   0x000026bc   0x00000034   Code   RO          154    .text.ST7735_FillScreen  st7735.o
    0x000026f0   0x000026f0   0x000000a6   Code   RO          156    .text.ST7735_InitR  st7735.o
    0x00002796   0x00002796   0x00000002   PAD
    0x00002798   0x00002798   0x00000024   Code   RO          208    .text.ST7735_InvertDisplay  st7735.o
    0x000027bc   0x000027bc   0x00000036   Code   RO          152    .text.ST7735_SetCursor  st7735.o
    0x000027f2   0x000027f2   0x00000002   PAD
    0x000027f4   0x000027f4   0x00000126   Code   RO          206    .text.ST7735_SetRotation  st7735.o
    0x0000291a   0x0000291a   0x00000002   PAD
    0x0000291c   0x0000291c   0x00000236   Code   RO          321    .text.SetupWiFi     esp8266_base.o
    0x00002b52   0x00002b52   0x00000002   PAD
    0x00002b54   0x00002b54   0x0000004a   Code   RO          515    .text.Speaker_Init  speakerinterface_lab3.o
    0x00002b9e   0x00002b9e   0x00000002   PAD
    0x00002ba0   0x00002ba0   0x00000028   Code   RO          519    .text.Speaker_Off   speakerinterface_lab3.o
    0x00002bc8   0x00002bc8   0x00000046   Code   RO          517    .text.Speaker_On    speakerinterface_lab3.o
    0x00002c0e   0x00002c0e   0x00000002   PAD
    0x00002c10   0x00002c10   0x000000a0   Code   RO          534    .text.Switch_Init   switchinterface_lab3.o
    0x00002cb0   0x00002cb0   0x000001b4   Code   RO          536    .text.Switch_Interrupt_Init  switchinterface_lab3.o
    0x00002e64   0x00002e64   0x0000005a   Code   RO          523    .text.SysTick_Handler  speakerinterface_lab3.o
    0x00002ebe   0x00002ebe   0x00000002   PAD
    0x00002ec0   0x00002ec0   0x00000072   Code   RO          301    .text.TM4C_to_MQTT  mqtt.o
    0x00002f32   0x00002f32   0x00000002   PAD
    0x00002f34   0x00002f34   0x00000078   Code   RO          581    .text.TimeMenu_MoveArrowLeft  updatedisplay_lab3.o
    0x00002fac   0x00002fac   0x0000005e   Code   RO          571    .text.TimeMenu_MoveCursor  updatedisplay_lab3.o
    0x0000300a   0x0000300a   0x00000002   PAD
    0x0000300c   0x0000300c   0x000000ae   Code   RO          579    .text.TimeMenu_ToggleAM_PM  updatedisplay_lab3.o
    0x000030ba   0x000030ba   0x00000002   PAD
    0x000030bc   0x000030bc   0x0000010c   Code   RO          482    .text.Time_ISR_1Hz  managetime_lab3.o
    0x000031c8   0x000031c8   0x0000010a   Code   RO          480    .text.Time_Set      managetime_lab3.o
    0x000032d2   0x000032d2   0x00000002   PAD
    0x000032d4   0x000032d4   0x0000001a   Code   RO           91    .text.Timer0A_Handler  timer0a.o
    0x000032ee   0x000032ee   0x00000002   PAD
    0x000032f0   0x000032f0   0x00000058   Code   RO          381    .text.Timer1_Init   adc_lab3.o
    0x00003348   0x00003348   0x0000001c   Code   RO          105    .text.Timer2A_Handler  timer2a.o
    0x00003364   0x00003364   0x000000a0   Code   RO          103    .text.Timer2A_Init  timer2a.o
    0x00003404   0x00003404   0x0000001c   Code   RO          626    .text.Timer3A_Handler  timer3a.o
    0x00003420   0x00003420   0x0000009e   Code   RO          624    .text.Timer3A_Init  timer3a.o
    0x000034be   0x000034be   0x00000002   PAD
    0x000034c0   0x000034c0   0x0000001c   Code   RO          612    .text.Timer4A_Handler  timer4a.o
    0x000034dc   0x000034dc   0x0000009e   Code   RO          610    .text.Timer4A_Init  timer4a.o
    0x0000357a   0x0000357a   0x00000002   PAD
    0x0000357c   0x0000357c   0x0000001c   Code   RO          367    .text.Timer5A_Handler  timer5a.o
    0x00003598   0x00003598   0x000000a0   Code   RO          365    .text.Timer5A_Init  timer5a.o
    0x00003638   0x00003638   0x000000f2   Code   RO          338    .text.UART5_Init    uart5.o
    0x0000372a   0x0000372a   0x00000002   PAD
    0x0000372c   0x0000372c   0x0000002e   Code   RO          342    .text.UART5_OutChar  uart5.o
    0x0000375a   0x0000375a   0x00000002   PAD
    0x0000375c   0x0000375c   0x00000024   Code   RO          344    .text.UART5_OutString  uart5.o
    0x00003780   0x00003780   0x000000a0   Code   RO           31    .text.UART_Init     uart.o
    0x00003820   0x00003820   0x0000002e   Code   RO           35    .text.UART_OutChar  uart.o
    0x0000384e   0x0000384e   0x00000002   PAD
    0x00003850   0x00003850   0x00000024   Code   RO           37    .text.UART_OutString  uart.o
    0x00003874   0x00003874   0x00000014   Code   RO          496    .text.UpdateAM_or_PM  managetime_lab3.o
    0x00003888   0x00003888   0x00000210   Code   RO          559    .text.UpdateDisplay  updatedisplay_lab3.o
    0x00003a98   0x00003a98   0x0000004c   Code   RO          486    .text.Update_Time   managetime_lab3.o
    0x00003ae4   0x00003ae4   0x000000aa   Code   RO          158    .text.commandList   st7735.o
    0x00003b8e   0x00003b8e   0x00000002   PAD
    0x00003b90   0x00003b90   0x000001a2   Code   RO          150    .text.commonInit    st7735.o
    0x00003d32   0x00003d32   0x00000002   PAD
    0x00003d34   0x00003d34   0x00000024   Code   RO          170    .text.deselect      st7735.o
    0x00003d58   0x00003d58   0x000000aa   Code   RO          583    .text.drawHand      updatedisplay_lab3.o
    0x00003e02   0x00003e02   0x00000002   PAD
    0x00003e04   0x00003e04   0x000000ae   Code   RO          416    .text.getAlarmTimeString  alarm_lab3.o
    0x00003eb2   0x00003eb2   0x00000002   PAD
    0x00003eb4   0x00003eb4   0x0000000c   Code   RO          521    .text.getIsSpeakerOn  speakerinterface_lab3.o
    0x00003ec0   0x00003ec0   0x000000a6   Code   RO          484    .text.getTimeString  managetime_lab3.o
    0x00003f66   0x00003f66   0x00000002   PAD
    0x00003f68   0x00003f68   0x00000458   Code   RO            2    .text.main          lab4e_main.o
    0x000043c0   0x000043c0   0x0000001c   Code   RO          168    .text.pushColor     st7735.o
    0x000043dc   0x000043dc   0x00000094   Code   RO          166    .text.setAddrWindow  st7735.o
    0x00004470   0x00004470   0x000001ee   Code   RO          447    .text.toggle24HourMode  globals_lab3.o
    0x0000465e   0x0000465e   0x00000002   PAD
    0x00004660   0x00004660   0x00000024   Code   RO          585    .text.toggleDarkMode  updatedisplay_lab3.o
    0x00004684   0x00004684   0x0000005a   Code   RO          160    .text.writecommand  st7735.o
    0x000046de   0x000046de   0x00000002   PAD
    0x000046e0   0x000046e0   0x0000003a   Code   RO          162    .text.writedata     st7735.o
    0x0000471a   0x0000471a   0x00000002   PAD
    0x0000471c   0x0000471c   0x00000034   Code   RO          658    i.__0snprintf       mc_w.l(printfa.o)
    0x00004750   0x00004750   0x00000028   Code   RO          659    i.__0sprintf        mc_w.l(printfa.o)
    0x00004778   0x00004778   0x0000000e   Code   RO          735    i.__scatterload_copy  mc_w.l(handlers.o)
    0x00004786   0x00004786   0x00000002   Code   RO          736    i.__scatterload_null  mc_w.l(handlers.o)
    0x00004788   0x00004788   0x0000000e   Code   RO          737    i.__scatterload_zeroinit  mc_w.l(handlers.o)
    0x00004796   0x00004796   0x00000002   PAD
    0x00004798   0x00004798   0x00000184   Code   RO          664    i._fp_digits        mc_w.l(printfa.o)
    0x0000491c   0x0000491c   0x000006dc   Code   RO          665    i._printf_core      mc_w.l(printfa.o)
    0x00004ff8   0x00004ff8   0x00000024   Code   RO          666    i._printf_post_padding  mc_w.l(printfa.o)
    0x0000501c   0x0000501c   0x0000002e   Code   RO          667    i._printf_pre_padding  mc_w.l(printfa.o)
    0x0000504a   0x0000504a   0x00000016   Code   RO          668    i._snputc           mc_w.l(printfa.o)
    0x00005060   0x00005060   0x0000000a   Code   RO          669    i._sputc            mc_w.l(printfa.o)
    0x0000506a   0x0000506a   0x00000018   Data   RO          441    .rodata.FSM         fsm_lab3.o
    0x00005082   0x00005082   0x000004fb   Data   RO          281    .rodata.Font        st7735.o
    0x0000557d   0x0000557d   0x0000003b   Data   RO          270    .rodata.Rcmd1       st7735.o
    0x000055b8   0x000055b8   0x0000000d   Data   RO          271    .rodata.Rcmd2green  st7735.o
    0x000055c5   0x000055c5   0x0000000d   Data   RO          274    .rodata.Rcmd2red    st7735.o
    0x000055d2   0x000055d2   0x0000002b   Data   RO          275    .rodata.Rcmd3       st7735.o
    0x000055fd   0x000055fd   0x00000001   PAD
    0x000055fe   0x000055fe   0x00003200   Data   RO          427    .rodata.clock_bmp   analogclock_lab3.o
    0x000087fe   0x000087fe   0x00000078   Data   RO          508    .rodata.cosTable60  sinecosinelut_lab3.o
    0x00008876   0x00008876   0x00005780   Data   RO          434    .rodata.dancingGuy1  dancingguy_lab3.o
    0x0000dff6   0x0000dff6   0x00005780   Data   RO          435    .rodata.dancingGuy2  dancingguy_lab3.o
    0x00013776   0x00013776   0x00000078   Data   RO          509    .rodata.sinTable60  sinecosinelut_lab3.o
    0x000137ee   0x000137ee   0x00000074   Data   RO          306    .rodata.str1.1      mqtt.o
    0x00013862   0x00013862   0x00000098   Data   RO          329    .rodata.str1.1      esp8266_base.o
    0x000138fa   0x000138fa   0x00000016   Data   RO          419    .rodata.str1.1      alarm_lab3.o
    0x00013910   0x00013910   0x0000005d   Data   RO          597    .rodata.str1.1      updatedisplay_lab3.o
    0x0001396d   0x0001396d   0x00000003   PAD
    0x00013970   0x00013970   0x00000020   Data   RO          734    Region$$Table       anon$$obj.o


    Execution Region RW_IRAM1 (Exec base: 0x20000000, Load base: 0x00013990, Size: 0x00001570, Max: 0x00008000, ABSOLUTE)

    Exec Addr    Load Addr    Size         Type   Attr      Idx    E Section Name        Object

    0x20000000   0x00013990   0x00000004   Data   RW          649    .data               mc_w.l(strtok.o)
    0x20000004   0x00013994   0x00000001   Data   RW          463    .data.AM_or_PM      globals_lab3.o
    0x20000005   0x00013995   0x00000003   PAD
    0x20000008   0x00013998   0x00000004   Data   RW          393    .data.Distance      adc_lab3.o
    0x2000000c   0x0001399c   0x00000002   Data   RW          268    .data.StTextColor   st7735.o
    0x2000000e   0x0001399e   0x00000002   Data   RW          278    .data._height       st7735.o
    0x20000010   0x000139a0   0x00000002   Data   RW          277    .data._width        st7735.o
    0x20000012   0x000139a2   0x00000001   Data   RW          594    .data.alarmMenuCursorY  updatedisplay_lab3.o
    0x20000013   0x000139a3   0x00000001   PAD
    0x20000014   0x000139a4   0x00000004   Data   RW          601    .data.alarmMenu_alarmDisplayed  updatedisplay_lab3.o
    0x20000018   0x000139a8   0x00000001   Data   RW          589    .data.darkmode      updatedisplay_lab3.o
    0x20000019   0x000139a9   0x00000020   Data   RW          323    .data.eid           esp8266_base.o
    0x20000039   0x000139c9   0x00000001   Data   RW          593    .data.mainMenuCursorY  updatedisplay_lab3.o
    0x2000003a   0x000139ca   0x00000002   PAD
    0x2000003c   0x000139cc   0x00000004   Data   RW          599    .data.mainMenu_timeDisplayed  updatedisplay_lab3.o
    0x20000040   0x000139d0   0x00000020   Data   RW          327    .data.mqtt_broker   esp8266_base.o
    0x20000060   0x000139f0   0x00000008   Data   RW          328    .data.mqtt_port     esp8266_base.o
    0x20000068   0x000139f8   0x00000020   Data   RW          326    .data.pass          esp8266_base.o
    0x20000088   0x00013a18   0x00000020   Data   RW          324    .data.ssid          esp8266_base.o
    0x200000a8   0x00013a38   0x00000001   Data   RW          595    .data.timeMenuCursorY  updatedisplay_lab3.o
    0x200000a9   0x00013a39   0x00000001   Data   RW          596    .data.timeMenuUpArrowX  updatedisplay_lab3.o
    0x200000aa   0x00013a3a   0x00000002   PAD
    0x200000ac   0x00013a3c   0x00000004   Data   RW          590    .data.timeMenu_timeDisplayed  updatedisplay_lab3.o
    0x200000b0        -       0x00000001   Zero   RW          464    .bss.AlarmHours     globals_lab3.o
    0x200000b1        -       0x00000001   Zero   RW          465    .bss.AlarmMinutes   globals_lab3.o
    0x200000b2        -       0x00000001   Zero   RW          467    .bss.AlarmPlaying   globals_lab3.o
    0x200000b3        -       0x00000001   Zero   RW          466    .bss.Alarm_AM_PM    globals_lab3.o
    0x200000b4        -       0x00000001   Zero   RW          272    .bss.ColStart       st7735.o
    0x200000b5        -       0x00000001   Zero   RW          433    .bss.DancingGuyPosition  dancingguy_lab3.o
    0x200000b6   0x00013a40   0x00000002   PAD
    0x200000b8        -       0x00000fa0   Zero   RW          394    .bss.DataBuf        adc_lab3.o
    0x20001058        -       0x00000001   Zero   RW          498    .bss.MinuteTick     managetime_lab3.o
    0x20001059   0x00013a40   0x00000003   PAD
    0x2000105c        -       0x00000004   Zero   RW          391    .bss.Num            adc_lab3.o
    0x20001060        -       0x00000001   Zero   RW          471    .bss.OnWebsite      globals_lab3.o
    0x20001061        -       0x00000001   Zero   RW          453    .bss.PB1_Pressed    globals_lab3.o
    0x20001062        -       0x00000001   Zero   RW          452    .bss.PB3_Pressed    globals_lab3.o
    0x20001063        -       0x00000001   Zero   RW          450    .bss.PB4_Pressed    globals_lab3.o
    0x20001064        -       0x00000001   Zero   RW          449    .bss.PC5_Pressed    globals_lab3.o
    0x20001065        -       0x00000001   Zero   RW          451    .bss.PE3_Pressed    globals_lab3.o
    0x20001066   0x00013a40   0x00000002   PAD
    0x20001068        -       0x00000004   Zero   RW           95    .bss.PeriodicTask0  timer0a.o
    0x2000106c        -       0x00000004   Zero   RW          109    .bss.PeriodicTask2  timer2a.o
    0x20001070        -       0x00000004   Zero   RW          630    .bss.PeriodicTask3  timer3a.o
    0x20001074        -       0x00000004   Zero   RW          616    .bss.PeriodicTask4  timer4a.o
    0x20001078        -       0x00000004   Zero   RW          371    .bss.PeriodicTask5  timer5a.o
    0x2000107c        -       0x00000001   Zero   RW          284    .bss.Rotation       st7735.o
    0x2000107d        -       0x00000001   Zero   RW          273    .bss.RowStart       st7735.o
    0x2000107e   0x00013a40   0x00000002   PAD
    0x20001080        -       0x00000004   Zero   RW          392    .bss.Signal         adc_lab3.o
    0x20001084        -       0x00000004   Zero   RW          266    .bss.StX            st7735.o
    0x20001088        -       0x00000004   Zero   RW          267    .bss.StY            st7735.o
    0x2000108c        -       0x00000001   Zero   RW          276    .bss.TabColor       st7735.o
    0x2000108d        -       0x00000001   Zero   RW          460    .bss.TimeHours      globals_lab3.o
    0x2000108e        -       0x00000001   Zero   RW          461    .bss.TimeMinutes    globals_lab3.o
    0x2000108f        -       0x00000001   Zero   RW          462    .bss.TimeSeconds    globals_lab3.o
    0x20001090        -       0x00000010   Zero   RW          600    .bss.alarmMenu_buffer  updatedisplay_lab3.o
    0x200010a0        -       0x00000004   Zero   RW          307    .bss.bufpos         mqtt.o
    0x200010a4        -       0x00000001   Zero   RW          591    .bss.currentMenu    updatedisplay_lab3.o
    0x200010a5        -       0x00000001   Zero   RW          459    .bss.currentState   globals_lab3.o
    0x200010a6        -       0x00000009   Zero   RW          418    .bss.getAlarmTimeString.buf  alarm_lab3.o
    0x200010af        -       0x00000010   Zero   RW          499    .bss.getTimeString.buf  managetime_lab3.o
    0x200010bf   0x00013a40   0x00000001   PAD
    0x200010c0        -       0x00000004   Zero   RW          454    .bss.inactivityCounter  globals_lab3.o
    0x200010c4        -       0x00000001   Zero   RW          330    .bss.inchar         esp8266_base.o
    0x200010c5        -       0x00000001   Zero   RW          469    .bss.is24hourMode   globals_lab3.o
    0x200010c6        -       0x00000001   Zero   RW          468    .bss.isAlarmSet     globals_lab3.o
    0x200010c7        -       0x00000001   Zero   RW          470    .bss.isGuyDancing   globals_lab3.o
    0x200010c8        -       0x00000001   Zero   RW          525    .bss.isSpeakerOn    speakerinterface_lab3.o
    0x200010c9        -       0x00000010   Zero   RW          598    .bss.mainMenu_buffer  updatedisplay_lab3.o
    0x200010d9        -       0x00000001   Zero   RW          457    .bss.needToSetAlarm  globals_lab3.o
    0x200010da        -       0x00000001   Zero   RW          456    .bss.needToSetClock  globals_lab3.o
    0x200010db        -       0x00000001   Zero   RW          455    .bss.pos            globals_lab3.o
    0x200010dc        -       0x00000001   Zero   RW          592    .bss.previousMenu   updatedisplay_lab3.o
    0x200010dd        -       0x00000001   Zero   RW          526    .bss.pwmCounter     speakerinterface_lab3.o
    0x200010de        -       0x00000010   Zero   RW          602    .bss.timeMenu_buffer  updatedisplay_lab3.o
    0x200010ee        -       0x00000080   Zero   RW          305    .bss.w2b_buf        mqtt.o
    0x2000116e   0x00013a40   0x00000002   PAD
    0x20001170        -       0x00000400   Zero   RW           19    STACK               startup.o


==============================================================================

Image component sizes


      Code (inc. data)   RO Data    RW Data    ZI Data      Debug   Object Name

       600          0          0          4       4008       1602   adc_lab3.o
      1004          0         22          0          9       1731   alarm_lab3.o
         0          0      12800          0          0        407   analogclock_lab3.o
         0          0      44800          0          1        645   dancingguy_lab3.o
       656          0        152        136          1       1478   esp8266_base.o
         0          0         24          0          0        559   fsm_lab3.o
       494          0          0          1         24       1560   globals_lab3.o
      1338          0          0          0          0       2014   lab4e_main.o
      1116          0          0          0         17       2305   managetime_lab3.o
       728          0        116          0        132       1716   mqtt.o
       138          0          0          0          0        571   pll.o
         0          0        240          0          0        513   sinecosinelut_lab3.o
       286          0          0          0          2       1167   speakerinterface_lab3.o
      3664          4       1403          6         12      16104   st7735.o
       712        624          0          0       1024        924   startup.o
       734          0          0          0          0       1607   switchinterface_lab3.o
        26          0          0          0          4        898   timer0a.o
       188          0          0          0          4        897   timer2a.o
       186          0          0          0          4        897   timer3a.o
       186          0          0          0          4        897   timer4a.o
       188          0          0          0          4        896   timer5a.o
       242          0          0          0          0       2581   uart.o
       324          0          0          0          0       2501   uart5.o
       218          0          0          0          0       1391   unified_port_init.o
      3506          0         93         17         50       5269   updatedisplay_lab3.o

    ----------------------------------------------------------------------
     16636        628      59686        172       5312      51130   Object Totals
         0          0         32          0          0          0   (incl. Generated)
       102          0          4          8         12          0   (incl. Padding)

    ----------------------------------------------------------------------

      Code (inc. data)   RO Data    RW Data    ZI Data      Debug   Library Member Name

         0          0          0          0          0          0   entry.o
         0          0          0          0          0          0   entry10a.o
         0          0          0          0          0          0   entry11a.o
         8          4          0          0          0          0   entry2.o
         4          0          0          0          0          0   entry5.o
         0          0          0          0          0          0   entry7b.o
         0          0          0          0          0          0   entry8b.o
         8          4          0          0          0          0   entry9a.o
        30          0          0          0          0          0   handlers.o
        48         10          0          0          0         68   init.o
         0          0          0          0          0          0   iusefp.o
        30          0          0          0          0         68   llshl.o
        36          0          0          0          0         68   llsshr.o
        32          0          0          0          0         68   llushr.o
        64          0          0          0          0         76   memmovea.o
      2350         90          0          0          0        676   printfa.o
        28          0          0          0          0         76   strcmp.o
        18          0          0          0          0         68   strcpy.o
        14          0          0          0          0         68   strlen.o
        68          6          0          4          0         80   strtok.o
        44          0          0          0          0         80   uidiv.o
        98          0          0          0          0         92   uldiv.o
        48          0          0          0          0         68   cdrcmple.o
       334          0          0          0          0        148   dadd.o
       222          0          0          0          0        100   ddiv.o
       186          0          0          0          0        176   depilogue.o
        48          0          0          0          0         68   dfixul.o
       228          0          0          0          0         96   dmul.o

    ----------------------------------------------------------------------
      3950        114          0          4          0       2144   Library Totals
         4          0          0          0          0          0   (incl. Padding)

    ----------------------------------------------------------------------

      Code (inc. data)   RO Data    RW Data    ZI Data      Debug   Library Name

      2880        114          0          4          0       1488   mc_w.l
      1066          0          0          0          0        656   mf_w.l

    ----------------------------------------------------------------------
      3950        114          0          4          0       2144   Library Totals

    ----------------------------------------------------------------------

==============================================================================


      Code (inc. data)   RO Data    RW Data    ZI Data      Debug   

     20586        742      59686        176       5312      51954   Grand Totals
     20586        742      59686        176       5312      51954   ELF Image Totals
     20586        742      59686        176          0          0   ROM Totals

==============================================================================

    Total RO  Size (Code + RO Data)                80272 (  78.39kB)
    Total RW  Size (RW Data + ZI Data)              5488 (   5.36kB)
    Total ROM Size (Code + RO Data + RW Data)      80448 (  78.56kB)

==============================================================================

